Archive member included to satisfy reference by file (symbol)

C:/ST/STM32CubeIDE_2.1.1/STM32CubeIDE/plugins/com.st.stm32cube.ide.mcu.externaltools.gnu-tools-for-stm32.14.3.rel1.win32_1.0.100.202602081740/tools/bin/../lib/gcc/arm-none-eabi/14.3.1/../../../../arm-none-eabi/lib/thumb/v7e-m+dp/hard\libc_nano.a(libc_a-exit.o)
                              C:/ST/STM32CubeIDE_2.1.1/STM32CubeIDE/plugins/com.st.stm32cube.ide.mcu.externaltools.gnu-tools-for-stm32.14.3.rel1.win32_1.0.100.202602081740/tools/bin/../lib/gcc/arm-none-eabi/14.3.1/../../../../arm-none-eabi/lib/thumb/v7e-m+dp/hard/crt0.o (exit)
C:/ST/STM32CubeIDE_2.1.1/STM32CubeIDE/plugins/com.st.stm32cube.ide.mcu.externaltools.gnu-tools-for-stm32.14.3.rel1.win32_1.0.100.202602081740/tools/bin/../lib/gcc/arm-none-eabi/14.3.1/../../../../arm-none-eabi/lib/thumb/v7e-m+dp/hard\libc_nano.a(libc_a-findfp.o)
                              C:/ST/STM32CubeIDE_2.1.1/STM32CubeIDE/plugins/com.st.stm32cube.ide.mcu.externaltools.gnu-tools-for-stm32.14.3.rel1.win32_1.0.100.202602081740/tools/bin/../lib/gcc/arm-none-eabi/14.3.1/../../../../arm-none-eabi/lib/thumb/v7e-m+dp/hard\libc_nano.a(libc_a-exit.o) (__stdio_exit_handler)
C:/ST/STM32CubeIDE_2.1.1/STM32CubeIDE/plugins/com.st.stm32cube.ide.mcu.externaltools.gnu-tools-for-stm32.14.3.rel1.win32_1.0.100.202602081740/tools/bin/../lib/gcc/arm-none-eabi/14.3.1/../../../../arm-none-eabi/lib/thumb/v7e-m+dp/hard\libc_nano.a(libc_a-fwalk.o)
                              C:/ST/STM32CubeIDE_2.1.1/STM32CubeIDE/plugins/com.st.stm32cube.ide.mcu.externaltools.gnu-tools-for-stm32.14.3.rel1.win32_1.0.100.202602081740/tools/bin/../lib/gcc/arm-none-eabi/14.3.1/../../../../arm-none-eabi/lib/thumb/v7e-m+dp/hard\libc_nano.a(libc_a-findfp.o) (_fwalk_sglue)
C:/ST/STM32CubeIDE_2.1.1/STM32CubeIDE/plugins/com.st.stm32cube.ide.mcu.externaltools.gnu-tools-for-stm32.14.3.rel1.win32_1.0.100.202602081740/tools/bin/../lib/gcc/arm-none-eabi/14.3.1/../../../../arm-none-eabi/lib/thumb/v7e-m+dp/hard\libc_nano.a(libc_a-sprintf.o)
                              ./Core/Src/main.o (sprintf)
C:/ST/STM32CubeIDE_2.1.1/STM32CubeIDE/plugins/com.st.stm32cube.ide.mcu.externaltools.gnu-tools-for-stm32.14.3.rel1.win32_1.0.100.202602081740/tools/bin/../lib/gcc/arm-none-eabi/14.3.1/../../../../arm-none-eabi/lib/thumb/v7e-m+dp/hard\libc_nano.a(libc_a-stdio.o)
                              C:/ST/STM32CubeIDE_2.1.1/STM32CubeIDE/plugins/com.st.stm32cube.ide.mcu.externaltools.gnu-tools-for-stm32.14.3.rel1.win32_1.0.100.202602081740/tools/bin/../lib/gcc/arm-none-eabi/14.3.1/../../../../arm-none-eabi/lib/thumb/v7e-m+dp/hard\libc_nano.a(libc_a-findfp.o) (__sread)
C:/ST/STM32CubeIDE_2.1.1/STM32CubeIDE/plugins/com.st.stm32cube.ide.mcu.externaltools.gnu-tools-for-stm32.14.3.rel1.win32_1.0.100.202602081740/tools/bin/../lib/gcc/arm-none-eabi/14.3.1/../../../../arm-none-eabi/lib/thumb/v7e-m+dp/hard\libc_nano.a(libc_a-memset.o)
                              C:/ST/STM32CubeIDE_2.1.1/STM32CubeIDE/plugins/com.st.stm32cube.ide.mcu.externaltools.gnu-tools-for-stm32.14.3.rel1.win32_1.0.100.202602081740/tools/bin/../lib/gcc/arm-none-eabi/14.3.1/../../../../arm-none-eabi/lib/thumb/v7e-m+dp/hard/crt0.o (memset)
C:/ST/STM32CubeIDE_2.1.1/STM32CubeIDE/plugins/com.st.stm32cube.ide.mcu.externaltools.gnu-tools-for-stm32.14.3.rel1.win32_1.0.100.202602081740/tools/bin/../lib/gcc/arm-none-eabi/14.3.1/../../../../arm-none-eabi/lib/thumb/v7e-m+dp/hard\libc_nano.a(libc_a-closer.o)
                              C:/ST/STM32CubeIDE_2.1.1/STM32CubeIDE/plugins/com.st.stm32cube.ide.mcu.externaltools.gnu-tools-for-stm32.14.3.rel1.win32_1.0.100.202602081740/tools/bin/../lib/gcc/arm-none-eabi/14.3.1/../../../../arm-none-eabi/lib/thumb/v7e-m+dp/hard\libc_nano.a(libc_a-stdio.o) (_close_r)
C:/ST/STM32CubeIDE_2.1.1/STM32CubeIDE/plugins/com.st.stm32cube.ide.mcu.externaltools.gnu-tools-for-stm32.14.3.rel1.win32_1.0.100.202602081740/tools/bin/../lib/gcc/arm-none-eabi/14.3.1/../../../../arm-none-eabi/lib/thumb/v7e-m+dp/hard\libc_nano.a(libc_a-reent.o)
                              C:/ST/STM32CubeIDE_2.1.1/STM32CubeIDE/plugins/com.st.stm32cube.ide.mcu.externaltools.gnu-tools-for-stm32.14.3.rel1.win32_1.0.100.202602081740/tools/bin/../lib/gcc/arm-none-eabi/14.3.1/../../../../arm-none-eabi/lib/thumb/v7e-m+dp/hard\libc_nano.a(libc_a-closer.o) (errno)
C:/ST/STM32CubeIDE_2.1.1/STM32CubeIDE/plugins/com.st.stm32cube.ide.mcu.externaltools.gnu-tools-for-stm32.14.3.rel1.win32_1.0.100.202602081740/tools/bin/../lib/gcc/arm-none-eabi/14.3.1/../../../../arm-none-eabi/lib/thumb/v7e-m+dp/hard\libc_nano.a(libc_a-impure.o)
                              C:/ST/STM32CubeIDE_2.1.1/STM32CubeIDE/plugins/com.st.stm32cube.ide.mcu.externaltools.gnu-tools-for-stm32.14.3.rel1.win32_1.0.100.202602081740/tools/bin/../lib/gcc/arm-none-eabi/14.3.1/../../../../arm-none-eabi/lib/thumb/v7e-m+dp/hard\libc_nano.a(libc_a-sprintf.o) (_impure_ptr)
[...]
Memory Configuration

Name             Origin             Length             Attributes
FLASH            0x08000000         0x00200000         xr
DTCMRAM          0x20000000         0x00020000         xrw
RAM_D1           0x24000000         0x00080000         xrw
RAM_D2           0x30000000         0x00048000         xrw
RAM_D3           0x38000000         0x00010000         xrw
ITCMRAM          0x00000000         0x00010000         xrw
*default*        0x00000000         0xffffffff
SDRAM            0x00000000         0xffffffff

Linker script and memory map

LOAD C:/ST/STM32CubeIDE_2.1.1/STM32CubeIDE/plugins/com.st.stm32cube.ide.mcu.externaltools.gnu-tools-for-stm32.14.3.rel1.win32_1.0.100.202602081740/tools/bin/../lib/gcc/arm-none-eabi/14.3.1/thumb/v7e-m+dp/hard/crti.o
LOAD C:/ST/STM32CubeIDE_2.1.1/STM32CubeIDE/plugins/com.st.stm32cube.ide.mcu.externaltools.gnu-tools-for-stm32.14.3.rel1.win32_1.0.100.202602081740/tools/bin/../lib/gcc/arm-none-eabi/14.3.1/thumb/v7e-m+dp/hard/crtbegin.o
LOAD C:/ST/STM32CubeIDE_2.1.1/STM32CubeIDE/plugins/com.st.stm32cube.ide.mcu.externaltools.gnu-tools-for-stm32.14.3.rel1.win32_1.0.100.202602081740/tools/bin/../lib/gcc/arm-none-eabi/14.3.1/../../../../arm-none-eabi/lib/thumb/v7e-m+dp/hard/crt0.o
LOAD ./Core/Src/dcmi.o
LOAD ./Core/Src/dma.o
LOAD ./Core/Src/gpio.o
LOAD ./Core/Src/i2c.o
LOAD ./Core/Src/main.o
LOAD ./Core/Src/ov5640.o
LOAD ./Core/Src/ov5640_regs.o
LOAD ./Core/Src/ov5640_regs_all.o
LOAD ./Core/Src/rtc.o
LOAD ./Core/Src/sdmmc.o
LOAD ./Core/Src/spi.o
LOAD ./Core/Src/st7735.o
LOAD ./Core/Src/stm32h7xx_hal_msp.o
LOAD ./Core/Src/stm32h7xx_it.o
LOAD ./Core/Src/syscalls.o
LOAD ./Core/Src/sysmem.o
LOAD ./Core/Src/system_stm32h7xx.o
LOAD ./Core/Startup/startup_stm32h743vitx.o
LOAD ./Drivers/STM32H7xx_HAL_Driver/Src/stm32h7xx_hal.o
LOAD ./Drivers/STM32H7xx_HAL_Driver/Src/stm32h7xx_hal_cortex.o
LOAD ./Drivers/STM32H7xx_HAL_Driver/Src/stm32h7xx_hal_dcmi.o
LOAD ./Drivers/STM32H7xx_HAL_Driver/Src/stm32h7xx_hal_dma.o
LOAD ./Drivers/STM32H7xx_HAL_Driver/Src/stm32h7xx_hal_dma_ex.o
LOAD ./Drivers/STM32H7xx_HAL_Driver/Src/stm32h7xx_hal_exti.o
LOAD ./Drivers/STM32H7xx_HAL_Driver/Src/stm32h7xx_hal_flash.o
LOAD ./Drivers/STM32H7xx_HAL_Driver/Src/stm32h7xx_hal_flash_ex.o
LOAD ./Drivers/STM32H7xx_HAL_Driver/Src/stm32h7xx_hal_gpio.o
LOAD ./Drivers/STM32H7xx_HAL_Driver/Src/stm32h7xx_hal_hsem.o
LOAD ./Drivers/STM32H7xx_HAL_Driver/Src/stm32h7xx_hal_i2c.o
LOAD ./Drivers/STM32H7xx_HAL_Driver/Src/stm32h7xx_hal_i2c_ex.o
LOAD ./Drivers/STM32H7xx_HAL_Driver/Src/stm32h7xx_hal_mdma.o
LOAD ./Drivers/STM32H7xx_HAL_Driver/Src/stm32h7xx_hal_mmc.o
LOAD ./Drivers/STM32H7xx_HAL_Driver/Src/stm32h7xx_hal_mmc_ex.o
LOAD ./Drivers/STM32H7xx_HAL_Driver/Src/stm32h7xx_hal_pwr.o
LOAD ./Drivers/STM32H7xx_HAL_Driver/Src/stm32h7xx_hal_pwr_ex.o
LOAD ./Drivers/STM32H7xx_HAL_Driver/Src/stm32h7xx_hal_rcc.o
LOAD ./Drivers/STM32H7xx_HAL_Driver/Src/stm32h7xx_hal_rcc_ex.o
LOAD ./Drivers/STM32H7xx_HAL_Driver/Src/stm32h7xx_hal_rtc.o
LOAD ./Drivers/STM32H7xx_HAL_Driver/Src/stm32h7xx_hal_rtc_ex.o
LOAD ./Drivers/STM32H7xx_HAL_Driver/Src/stm32h7xx_hal_sd.o
LOAD ./Drivers/STM32H7xx_HAL_Driver/Src/stm32h7xx_hal_sd_ex.o
LOAD ./Drivers/STM32H7xx_HAL_Driver/Src/stm32h7xx_hal_spi.o
LOAD ./Drivers/STM32H7xx_HAL_Driver/Src/stm32h7xx_hal_spi_ex.o
LOAD ./Drivers/STM32H7xx_HAL_Driver/Src/stm32h7xx_hal_tim.o
LOAD ./Drivers/STM32H7xx_HAL_Driver/Src/stm32h7xx_hal_tim_ex.o
LOAD ./Drivers/STM32H7xx_HAL_Driver/Src/stm32h7xx_ll_delayblock.o
LOAD ./Drivers/STM32H7xx_HAL_Driver/Src/stm32h7xx_ll_sdmmc.o
START GROUP
LOAD C:/ST/STM32CubeIDE_2.1.1/STM32CubeIDE/plugins/com.st.stm32cube.ide.mcu.externaltools.gnu-tools-for-stm32.14.3.rel1.win32_1.0.100.202602081740/tools/bin/../lib/gcc/arm-none-eabi/14.3.1/../../../../arm-none-eabi/lib/thumb/v7e-m+dp/hard\libc_nano.a
LOAD C:/ST/STM32CubeIDE_2.1.1/STM32CubeIDE/plugins/com.st.stm32cube.ide.mcu.externaltools.gnu-tools-for-stm32.14.3.rel1.win32_1.0.100.202602081740/tools/bin/../lib/gcc/arm-none-eabi/14.3.1/../../../../arm-none-eabi/lib/thumb/v7e-m+dp/hard\libm.a
END GROUP
START GROUP
LOAD C:/ST/STM32CubeIDE_2.1.1/STM32CubeIDE/plugins/com.st.stm32cube.ide.mcu.externaltools.gnu-tools-for-stm32.14.3.rel1.win32_1.0.100.202602081740/tools/bin/../lib/gcc/arm-none-eabi/14.3.1/thumb/v7e-m+dp/hard\libgcc.a
LOAD C:/ST/STM32CubeIDE_2.1.1/STM32CubeIDE/plugins/com.st.stm32cube.ide.mcu.externaltools.gnu-tools-for-stm32.14.3.rel1.win32_1.0.100.202602081740/tools/bin/../lib/gcc/arm-none-eabi/14.3.1/../../../../arm-none-eabi/lib/thumb/v7e-m+dp/hard\libc_nano.a
END GROUP
START GROUP
LOAD C:/ST/STM32CubeIDE_2.1.1/STM32CubeIDE/plugins/com.st.stm32cube.ide.mcu.externaltools.gnu-tools-for-stm32.14.3.rel1.win32_1.0.100.202602081740/tools/bin/../lib/gcc/arm-none-eabi/14.3.1/thumb/v7e-m+dp/hard\libgcc.a
LOAD C:/ST/STM32CubeIDE_2.1.1/STM32CubeIDE/plugins/com.st.stm32cube.ide.mcu.externaltools.gnu-tools-for-stm32.14.3.rel1.win32_1.0.100.202602081740/tools/bin/../lib/gcc/arm-none-eabi/14.3.1/../../../../arm-none-eabi/lib/thumb/v7e-m+dp/hard\libc_nano.a
LOAD C:/ST/STM32CubeIDE_2.1.1/STM32CubeIDE/plugins/com.st.stm32cube.ide.mcu.externaltools.gnu-tools-for-stm32.14.3.rel1.win32_1.0.100.202602081740/tools/bin/../lib/gcc/arm-none-eabi/14.3.1/../../../../arm-none-eabi/lib/thumb/v7e-m+dp/hard\libnosys.a
END GROUP
START GROUP
LOAD C:/ST/STM32CubeIDE_2.1.1/STM32CubeIDE/plugins/com.st.stm32cube.ide.mcu.externaltools.gnu-tools-for-stm32.14.3.rel1.win32_1.0.100.202602081740/tools/bin/../lib/gcc/arm-none-eabi/14.3.1/thumb/v7e-m+dp/hard\libgcc.a
LOAD C:/ST/STM32CubeIDE_2.1.1/STM32CubeIDE/plugins/com.st.stm32cube.ide.mcu.externaltools.gnu-tools-for-stm32.14.3.rel1.win32_1.0.100.202602081740/tools/bin/../lib/gcc/arm-none-eabi/14.3.1/../../../../arm-none-eabi/lib/thumb/v7e-m+dp/hard\libc_nano.a
LOAD C:/ST/STM32CubeIDE_2.1.1/STM32CubeIDE/plugins/com.st.stm32cube.ide.mcu.externaltools.gnu-tools-for-stm32.14.3.rel1.win32_1.0.100.202602081740/tools/bin/../lib/gcc/arm-none-eabi/14.3.1/../../../../arm-none-eabi/lib/thumb/v7e-m+dp/hard\libnosys.a
END GROUP
LOAD C:/ST/STM32CubeIDE_2.1.1/STM32CubeIDE/plugins/com.st.stm32cube.ide.mcu.externaltools.gnu-tools-for-stm32.14.3.rel1.win32_1.0.100.202602081740/tools/bin/../lib/gcc/arm-none-eabi/14.3.1/thumb/v7e-m+dp/hard/crtend.o
LOAD C:/ST/STM32CubeIDE_2.1.1/STM32CubeIDE/plugins/com.st.stm32cube.ide.mcu.externaltools.gnu-tools-for-stm32.14.3.rel1.win32_1.0.100.202602081740/tools/bin/../lib/gcc/arm-none-eabi/14.3.1/thumb/v7e-m+dp/hard/crtn.o
                0x24080000                        _estack = (ORIGIN (RAM_D1) + LENGTH (RAM_D1))
                0x00000200                        _Min_Heap_Size = 0x200
                0x00000400                        _Min_Stack_Size = 0x400

.isr_vector     0x08000000      0x298
                0x08000000                        . = ALIGN (0x4)
 *(.isr_vector)
 .isr_vector    0x08000000      0x298 ./Core/Startup/startup_stm32h743vitx.o
                0x08000000                g_pfnVectors
                0x08000298                        . = ALIGN (0x4)

.text           0x080002a0    0x10378
                0x080002a0                        . = ALIGN (0x4)
 *(.text)
 .text          0x080002a0       0x40 C:/ST/STM32CubeIDE_2.1.1/STM32CubeIDE/plugins/com.st.stm32cube.ide.mcu.externaltools.gnu-tools-for-stm32.14.3.rel1.win32_1.0.100.202602081740/tools/bin/../lib/gcc/arm-none-eabi/14.3.1/thumb/v7e-m+dp/hard/crtbegin.o
 .text          0x080002e0       0xa0 C:/ST/STM32CubeIDE_2.1.1/STM32CubeIDE/plugins/com.st.stm32cube.ide.mcu.externaltools.gnu-tools-for-stm32.14.3.rel1.win32_1.0.100.202602081740/tools/bin/../lib/gcc/arm-none-eabi/14.3.1/../../../../arm-none-eabi/lib/thumb/v7e-m+dp/hard\libc_nano.a(libc_a-memchr.o)
                0x080002e0                memchr
 *(.text*)
 .text.MX_DCMI_Init
                0x08000380       0x68 ./Core/Src/dcmi.o
                0x08000380                MX_DCMI_Init
 .text.HAL_DCMI_MspInit
                0x080003e8      0x214 ./Core/Src/dcmi.o
                0x080003e8                HAL_DCMI_MspInit
 .text.MX_DMA_Init
                0x080005fc       0x40 ./Core/Src/dma.o
                0x080005fc                MX_DMA_Init
 .text.MX_GPIO_Init
                0x0800063c      0x190 ./Core/Src/gpio.o
                0x0800063c                MX_GPIO_Init
 .text.MX_I2C1_Init
                0x080007cc       0x80 ./Core/Src/i2c.o
                0x080007cc                MX_I2C1_Init
 .text.HAL_I2C_MspInit
                0x0800084c       0xd4 ./Core/Src/i2c.o
                0x0800084c                HAL_I2C_MspInit
 .text.HAL_DCMI_FrameEventCallback
                0x08000920       0x30 ./Core/Src/main.o
                0x08000920                HAL_DCMI_FrameEventCallback
 .text.HAL_DCMI_ErrorCallback
                0x08000950       0x14 ./Core/Src/main.o
                0x08000950                HAL_DCMI_ErrorCallback
 .text.Check_Buffer_Data
                0x08000964       0x7c ./Core/Src/main.o
                0x08000964                Check_Buffer_Data
 .text.Check_DMA_Activity
                0x080009e0       0x90 ./Core/Src/main.o
                0x080009e0                Check_DMA_Activity
 .text.HAL_DCMI_LineEventCallback
                0x08000a70       0x5c ./Core/Src/main.o
                0x08000a70                HAL_DCMI_LineEventCallback
 .text.HAL_DCMI_VsyncEventCallback
                0x08000acc       0x24 ./Core/Src/main.o
                0x08000acc                HAL_DCMI_VsyncEventCallback
 .text.main     0x08000af0       0xd0 ./Core/Src/main.o
                0x08000af0                main
 .text.SystemClock_Config
                0x08000bc0      0x108 ./Core/Src/main.o
                0x08000bc0                SystemClock_Config
 .text.PeriphCommonClock_Config
                0x08000cc8       0x40 ./Core/Src/main.o
                0x08000cc8                PeriphCommonClock_Config
 .text.Error_Handler
                0x08000d08        0xc ./Core/Src/main.o
                0x08000d08                Error_Handler
 .text.assert_failed
                0x08000d14       0x16 ./Core/Src/main.o
                0x08000d14                assert_failed
 *fill*         0x08000d2a        0x2 
 .text.OV5640_WriteReg
                0x08000d2c       0x54 ./Core/Src/ov5640.o
                0x08000d2c                OV5640_WriteReg
 .text.OV5640_ReadReg
                0x08000d80       0x50 ./Core/Src/ov5640.o
                0x08000d80                OV5640_ReadReg
 .text.OV5640_ReadRegister
                0x08000dd0       0x64 ./Core/Src/ov5640.o
 .text.OV5640_ReadID
                0x08000e34       0x60 ./Core/Src/ov5640.o
                0x08000e34                OV5640_ReadID
 .text.OV5640_Init
                0x08000e94      0x198 ./Core/Src/ov5640.o
                0x08000e94                OV5640_Init
 .text.OV5640_StartCapture
                0x0800102c       0x38 ./Core/Src/ov5640.o
                0x0800102c                OV5640_StartCapture
 .text.MX_RTC_Init
                0x08001064       0xb8 ./Core/Src/rtc.o
                0x08001064                MX_RTC_Init
 .text.HAL_RTC_MspInit
                0x0800111c       0x64 ./Core/Src/rtc.o
                0x0800111c                HAL_RTC_MspInit
 .text.MX_SDMMC1_SD_Init
                0x08001180       0x48 ./Core/Src/sdmmc.o
                0x08001180                MX_SDMMC1_SD_Init
 .text.HAL_SD_MspInit
                0x080011c8      0x12c ./Core/Src/sdmmc.o
                0x080011c8                HAL_SD_MspInit
 .text.MX_SPI4_Init
                0x080012f4       0xb0 ./Core/Src/spi.o
                0x080012f4                MX_SPI4_Init
 .text.HAL_SPI_MspInit
                0x080013a4       0xe0 ./Core/Src/spi.o
                0x080013a4                HAL_SPI_MspInit
 .text.ST7735_SendCommand
                0x08001484       0x4c ./Core/Src/st7735.o
                0x08001484                ST7735_SendCommand
 .text.ST7735_SendData
                0x080014d0       0x4c ./Core/Src/st7735.o
                0x080014d0                ST7735_SendData
 .text.ST7735_SendDataArray
                0x0800151c       0x50 ./Core/Src/st7735.o
 .text.ST7735_Init
                0x0800156c      0x200 ./Core/Src/st7735.o
                0x0800156c                ST7735_Init
 .text.ST7735_SetAddressWindow
                0x0800176c       0xa8 ./Core/Src/st7735.o
                0x0800176c                ST7735_SetAddressWindow
 .text.ST7735_FillScreen
                0x08001814       0x84 ./Core/Src/st7735.o
                0x08001814                ST7735_FillScreen
 .text.ST7735_DrawPixel
                0x08001898       0x52 ./Core/Src/st7735.o
                0x08001898                ST7735_DrawPixel
 *fill*         0x080018ea        0x2 
 .text.ST7735_DisplayChar
                0x080018ec       0xe8 ./Core/Src/st7735.o
                0x080018ec                ST7735_DisplayChar
 .text.ST7735_DisplayString
                0x080019d4       0x6a ./Core/Src/st7735.o
                0x080019d4                ST7735_DisplayString
 *fill*         0x08001a3e        0x2 
 .text.HAL_MspInit
                0x08001a40       0x40 ./Core/Src/stm32h7xx_hal_msp.o
                0x08001a40                HAL_MspInit
 .text.NMI_Handler
                0x08001a80        0x8 ./Core/Src/stm32h7xx_it.o
                0x08001a80                NMI_Handler
 .text.HardFault_Handler
                0x08001a88        0x8 ./Core/Src/stm32h7xx_it.o
                0x08001a88                HardFault_Handler
 .text.MemManage_Handler
                0x08001a90        0x8 ./Core/Src/stm32h7xx_it.o
                0x08001a90                MemManage_Handler
 .text.BusFault_Handler
                0x08001a98        0x8 ./Core/Src/stm32h7xx_it.o
                0x08001a98                BusFault_Handler
 .text.UsageFault_Handler
                0x08001aa0        0x8 ./Core/Src/stm32h7xx_it.o
                0x08001aa0                UsageFault_Handler
 .text.SVC_Handler
                0x08001aa8        0xe ./Core/Src/stm32h7xx_it.o
                0x08001aa8                SVC_Handler
 .text.DebugMon_Handler
                0x08001ab6        0xe ./Core/Src/stm32h7xx_it.o
                0x08001ab6                DebugMon_Handler
 .text.PendSV_Handler
                0x08001ac4        0xe ./Core/Src/stm32h7xx_it.o
                0x08001ac4                PendSV_Handler
 .text.SysTick_Handler
                0x08001ad2        0xc ./Core/Src/stm32h7xx_it.o
                0x08001ad2                SysTick_Handler
 .text.RCC_IRQHandler
                0x08001ade        0xe ./Core/Src/stm32h7xx_it.o
                0x08001ade                RCC_IRQHandler
 .text.DMA1_Stream0_IRQHandler
                0x08001aec       0x14 ./Core/Src/stm32h7xx_it.o
                0x08001aec                DMA1_Stream0_IRQHandler
 .text.SDMMC1_IRQHandler
                0x08001b00       0x14 ./Core/Src/stm32h7xx_it.o
                0x08001b00                SDMMC1_IRQHandler
 .text.DCMI_IRQHandler
                0x08001b14       0x14 ./Core/Src/stm32h7xx_it.o
                0x08001b14                DCMI_IRQHandler
 .text.SPI4_IRQHandler
                0x08001b28       0x14 ./Core/Src/stm32h7xx_it.o
                0x08001b28                SPI4_IRQHandler
 .text._sbrk    0x08001b3c       0x6c ./Core/Src/sysmem.o
                0x08001b3c                _sbrk
 .text.SystemInit
                0x08001ba8      0x140 ./Core/Src/system_stm32h7xx.o
                0x08001ba8                SystemInit
 .text.ExitRun0Mode
                0x08001ce8       0x18 ./Core/Src/system_stm32h7xx.o
                0x08001ce8                ExitRun0Mode
 .text.Reset_Handler
                0x08001d00       0x54 ./Core/Startup/startup_stm32h743vitx.o
                0x08001d00                Reset_Handler
 .text.Default_Handler
                0x08001d54        0x2 ./Core/Startup/startup_stm32h743vitx.o
                0x08001d54                RTC_Alarm_IRQHandler
                0x08001d54                EXTI2_IRQHandler
                0x08001d54                TIM8_CC_IRQHandler
                0x08001d54                HRTIM1_Master_IRQHandler
                0x08001d54                UART8_IRQHandler
                0x08001d54                TIM1_CC_IRQHandler
                0x08001d54                BDMA_Channel6_IRQHandler
                0x08001d54                DMA2_Stream5_IRQHandler
                0x08001d54                HRTIM1_FLT_IRQHandler
                0x08001d54                JPEG_IRQHandler
                0x08001d54                DMA1_Stream5_IRQHandler
                0x08001d54                BDMA_Channel1_IRQHandler
                0x08001d54                HRTIM1_TIMD_IRQHandler
                0x08001d54                TAMP_STAMP_IRQHandler
                0x08001d54                EXTI3_IRQHandler
                0x08001d54                LPTIM4_IRQHandler
                0x08001d54                TIM8_TRG_COM_TIM14_IRQHandler
                0x08001d54                LPTIM2_IRQHandler
                0x08001d54                DFSDM1_FLT1_IRQHandler
                0x08001d54                DMAMUX2_OVR_IRQHandler
                0x08001d54                TIM8_UP_TIM13_IRQHandler
                0x08001d54                I2C3_ER_IRQHandler
                0x08001d54                DFSDM1_FLT2_IRQHandler
                0x08001d54                MDMA_IRQHandler
                0x08001d54                LPTIM3_IRQHandler
                0x08001d54                HSEM1_IRQHandler
                0x08001d54                EXTI0_IRQHandler
                0x08001d54                I2C2_EV_IRQHandler
                0x08001d54                DMA1_Stream2_IRQHandler
                0x08001d54                FPU_IRQHandler
                0x08001d54                OTG_HS_WKUP_IRQHandler
                0x08001d54                FDCAN1_IT1_IRQHandler
                0x08001d54                LTDC_ER_IRQHandler
                0x08001d54                DMA2_Stream2_IRQHandler
                0x08001d54                HRTIM1_TIME_IRQHandler
                0x08001d54                SPI1_IRQHandler
                0x08001d54                TIM6_DAC_IRQHandler
                0x08001d54                HRTIM1_TIMC_IRQHandler
                0x08001d54                DMA2_Stream3_IRQHandler
                0x08001d54                SAI2_IRQHandler
                0x08001d54                DFSDM1_FLT3_IRQHandler
                0x08001d54                USART6_IRQHandler
                0x08001d54                TIM17_IRQHandler
                0x08001d54                USART3_IRQHandler
                0x08001d54                BDMA_Channel7_IRQHandler
                0x08001d54                LPTIM5_IRQHandler
                0x08001d54                UART5_IRQHandler
                0x08001d54                ADC3_IRQHandler
                0x08001d54                DMA2_Stream0_IRQHandler
                0x08001d54                TIM4_IRQHandler
                0x08001d54                BDMA_Channel2_IRQHandler
                0x08001d54                QUADSPI_IRQHandler
                0x08001d54                I2C1_EV_IRQHandler
                0x08001d54                DMA1_Stream6_IRQHandler
                0x08001d54                DMAMUX1_OVR_IRQHandler
                0x08001d54                DMA1_Stream1_IRQHandler
                0x08001d54                TIM16_IRQHandler
                0x08001d54                UART4_IRQHandler
                0x08001d54                BDMA_Channel5_IRQHandler
                0x08001d54                TIM3_IRQHandler
                0x08001d54                TIM8_BRK_TIM12_IRQHandler
                0x08001d54                TIM1_TRG_COM_IRQHandler
                0x08001d54                Default_Handler
                0x08001d54                ECC_IRQHandler
                0x08001d54                CEC_IRQHandler
                0x08001d54                EXTI15_10_IRQHandler
                0x08001d54                BDMA_Channel0_IRQHandler
                0x08001d54                ADC_IRQHandler
                0x08001d54                DMA1_Stream7_IRQHandler
                0x08001d54                HRTIM1_TIMA_IRQHandler
                0x08001d54                SPI5_IRQHandler
                0x08001d54                TIM7_IRQHandler
                0x08001d54                TIM5_IRQHandler
                0x08001d54                DMA2_Stream7_IRQHandler
                0x08001d54                TIM15_IRQHandler
                0x08001d54                PVD_AVD_IRQHandler
                0x08001d54                I2C3_EV_IRQHandler
                0x08001d54                EXTI9_5_IRQHandler
                0x08001d54                RTC_WKUP_IRQHandler
                0x08001d54                LTDC_IRQHandler
                0x08001d54                SAI3_IRQHandler
                0x08001d54                ETH_WKUP_IRQHandler
                0x08001d54                SPDIF_RX_IRQHandler
                0x08001d54                SPI2_IRQHandler
                0x08001d54                OTG_HS_EP1_IN_IRQHandler
                0x08001d54                CRS_IRQHandler
                0x08001d54                EXTI4_IRQHandler
                0x08001d54                RNG_IRQHandler
                0x08001d54                HRTIM1_TIMB_IRQHandler
                0x08001d54                FDCAN2_IT1_IRQHandler
                0x08001d54                ETH_IRQHandler
                0x08001d54                TIM1_UP_IRQHandler
                0x08001d54                BDMA_Channel4_IRQHandler
                0x08001d54                OTG_HS_EP1_OUT_IRQHandler
                0x08001d54                WWDG_IRQHandler
                0x08001d54                SPI6_IRQHandler
                0x08001d54                MDIOS_IRQHandler
                0x08001d54                I2C4_EV_IRQHandler
                0x08001d54                FDCAN2_IT0_IRQHandler
                0x08001d54                LPUART1_IRQHandler
                0x08001d54                FDCAN1_IT0_IRQHandler
                0x08001d54                TIM2_IRQHandler
                0x08001d54                OTG_FS_WKUP_IRQHandler
                0x08001d54                OTG_HS_IRQHandler
                0x08001d54                DMA2D_IRQHandler
                0x08001d54                TIM1_BRK_IRQHandler
                0x08001d54                EXTI1_IRQHandler
                0x08001d54                SDMMC2_IRQHandler
                0x08001d54                OTG_FS_EP1_OUT_IRQHandler
                0x08001d54                BDMA_Channel3_IRQHandler
                0x08001d54                UART7_IRQHandler
                0x08001d54                MDIOS_WKUP_IRQHandler
                0x08001d54                USART2_IRQHandler
                0x08001d54                DFSDM1_FLT0_IRQHandler
                0x08001d54                SAI4_IRQHandler
                0x08001d54                I2C2_ER_IRQHandler
                0x08001d54                DMA2_Stream1_IRQHandler
                0x08001d54                FLASH_IRQHandler
                0x08001d54                DMA2_Stream4_IRQHandler
                0x08001d54                USART1_IRQHandler
                0x08001d54                OTG_FS_IRQHandler
                0x08001d54                SPI3_IRQHandler
                0x08001d54                WAKEUP_PIN_IRQHandler
                0x08001d54                DMA1_Stream4_IRQHandler
                0x08001d54                OTG_FS_EP1_IN_IRQHandler
                0x08001d54                I2C1_ER_IRQHandler
                0x08001d54                FMC_IRQHandler
                0x08001d54                FDCAN_CAL_IRQHandler
                0x08001d54                SWPMI1_IRQHandler
                0x08001d54                COMP1_IRQHandler
                0x08001d54                LPTIM1_IRQHandler
                0x08001d54                I2C4_ER_IRQHandler
                0x08001d54                DMA2_Stream6_IRQHandler
                0x08001d54                SAI1_IRQHandler
                0x08001d54                DMA1_Stream3_IRQHandler
 *fill*         0x08001d56        0x2 
 .text.HAL_Init
                0x08001d58       0x78 ./Drivers/STM32H7xx_HAL_Driver/Src/stm32h7xx_hal.o
                0x08001d58                HAL_Init
 .text.HAL_InitTick
                0x08001dd0       0x6c ./Drivers/STM32H7xx_HAL_Driver/Src/stm32h7xx_hal.o
                0x08001dd0                HAL_InitTick
 .text.HAL_IncTick
                0x08001e3c       0x28 ./Drivers/STM32H7xx_HAL_Driver/Src/stm32h7xx_hal.o
                0x08001e3c                HAL_IncTick
 .text.HAL_GetTick
                0x08001e64       0x18 ./Drivers/STM32H7xx_HAL_Driver/Src/stm32h7xx_hal.o
                0x08001e64                HAL_GetTick
 .text.HAL_Delay
                0x08001e7c       0x48 ./Drivers/STM32H7xx_HAL_Driver/Src/stm32h7xx_hal.o
                0x08001e7c                HAL_Delay
 .text.HAL_GetREVID
                0x08001ec4       0x18 ./Drivers/STM32H7xx_HAL_Driver/Src/stm32h7xx_hal.o
                0x08001ec4                HAL_GetREVID
 .text.__NVIC_SetPriorityGrouping
                0x08001edc       0x48 ./Drivers/STM32H7xx_HAL_Driver/Src/stm32h7xx_hal_cortex.o
 .text.__NVIC_GetPriorityGrouping
                0x08001f24       0x1c ./Drivers/STM32H7xx_HAL_Driver/Src/stm32h7xx_hal_cortex.o
 .text.__NVIC_EnableIRQ
                0x08001f40       0x3c ./Drivers/STM32H7xx_HAL_Driver/Src/stm32h7xx_hal_cortex.o
 .text.__NVIC_SetPriority
                0x08001f7c       0x54 ./Drivers/STM32H7xx_HAL_Driver/Src/stm32h7xx_hal_cortex.o
 .text.NVIC_EncodePriority
                0x08001fd0       0x66 ./Drivers/STM32H7xx_HAL_Driver/Src/stm32h7xx_hal_cortex.o
 *fill*         0x08002036        0x2 
 .text.SysTick_Config
                0x08002038       0x44 ./Drivers/STM32H7xx_HAL_Driver/Src/stm32h7xx_hal_cortex.o
 .text.HAL_NVIC_SetPriorityGrouping
                0x0800207c       0x40 ./Drivers/STM32H7xx_HAL_Driver/Src/stm32h7xx_hal_cortex.o
                0x0800207c                HAL_NVIC_SetPriorityGrouping
 .text.HAL_NVIC_SetPriority
                0x080020bc       0x54 ./Drivers/STM32H7xx_HAL_Driver/Src/stm32h7xx_hal_cortex.o
                0x080020bc                HAL_NVIC_SetPriority
 .text.HAL_NVIC_EnableIRQ
                0x08002110       0x30 ./Drivers/STM32H7xx_HAL_Driver/Src/stm32h7xx_hal_cortex.o
                0x08002110                HAL_NVIC_EnableIRQ
 .text.HAL_SYSTICK_Config
                0x08002140       0x18 ./Drivers/STM32H7xx_HAL_Driver/Src/stm32h7xx_hal_cortex.o
                0x08002140                HAL_SYSTICK_Config
 .text.HAL_DCMI_Init
                0x08002158      0x290 ./Drivers/STM32H7xx_HAL_Driver/Src/stm32h7xx_hal_dcmi.o
                0x08002158                HAL_DCMI_Init
 .text.HAL_DCMI_Start_DMA
                0x080023e8      0x1a0 ./Drivers/STM32H7xx_HAL_Driver/Src/stm32h7xx_hal_dcmi.o
                0x080023e8                HAL_DCMI_Start_DMA
 .text.HAL_DCMI_Stop
                0x08002588       0xc0 ./Drivers/STM32H7xx_HAL_Driver/Src/stm32h7xx_hal_dcmi.o
                0x08002588                HAL_DCMI_Stop
 .text.HAL_DCMI_IRQHandler
                0x08002648      0x108 ./Drivers/STM32H7xx_HAL_Driver/Src/stm32h7xx_hal_dcmi.o
                0x08002648                HAL_DCMI_IRQHandler
 .text.DCMI_DMAXferCplt
                0x08002750      0x126 ./Drivers/STM32H7xx_HAL_Driver/Src/stm32h7xx_hal_dcmi.o
 .text.DCMI_DMAError
                0x08002876       0x3c ./Drivers/STM32H7xx_HAL_Driver/Src/stm32h7xx_hal_dcmi.o
 *fill*         0x080028b2        0x2 
 .text.HAL_DMA_Init
                0x080028b4      0x9f0 ./Drivers/STM32H7xx_HAL_Driver/Src/stm32h7xx_hal_dma.o
                0x080028b4                HAL_DMA_Init
 .text.HAL_DMA_Start_IT
                0x080032a4      0x4f0 ./Drivers/STM32H7xx_HAL_Driver/Src/stm32h7xx_hal_dma.o
                0x080032a4                HAL_DMA_Start_IT
 .text.HAL_DMA_Abort
                0x08003794      0x63c ./Drivers/STM32H7xx_HAL_Driver/Src/stm32h7xx_hal_dma.o
                0x08003794                HAL_DMA_Abort
 .text.HAL_DMA_Abort_IT
                0x08003dd0      0x48c ./Drivers/STM32H7xx_HAL_Driver/Src/stm32h7xx_hal_dma.o
                0x08003dd0                HAL_DMA_Abort_IT
 .text.HAL_DMA_IRQHandler
                0x0800425c      0xe54 ./Drivers/STM32H7xx_HAL_Driver/Src/stm32h7xx_hal_dma.o
                0x0800425c                HAL_DMA_IRQHandler
 .text.DMA_SetConfig
                0x080050b0      0x358 ./Drivers/STM32H7xx_HAL_Driver/Src/stm32h7xx_hal_dma.o
 .text.DMA_CalcBaseAndBitshift
                0x08005408      0x164 ./Drivers/STM32H7xx_HAL_Driver/Src/stm32h7xx_hal_dma.o
 .text.DMA_CheckFifoParam
                0x0800556c       0xf8 ./Drivers/STM32H7xx_HAL_Driver/Src/stm32h7xx_hal_dma.o
 .text.DMA_CalcDMAMUXChannelBaseAndMask
                0x08005664      0x134 ./Drivers/STM32H7xx_HAL_Driver/Src/stm32h7xx_hal_dma.o
 .text.DMA_CalcDMAMUXRequestGenBaseAndMask
                0x08005798       0xe8 ./Drivers/STM32H7xx_HAL_Driver/Src/stm32h7xx_hal_dma.o
 .text.HAL_DMAEx_MultiBufferStart_IT
                0x08005880      0x7ec ./Drivers/STM32H7xx_HAL_Driver/Src/stm32h7xx_hal_dma_ex.o
                0x08005880                HAL_DMAEx_MultiBufferStart_IT
 .text.HAL_DMAEx_ChangeMemory
                0x0800606c      0x138 ./Drivers/STM32H7xx_HAL_Driver/Src/stm32h7xx_hal_dma_ex.o
                0x0800606c                HAL_DMAEx_ChangeMemory
 .text.DMA_MultiBufferSetConfig
                0x080061a4      0x16c ./Drivers/STM32H7xx_HAL_Driver/Src/stm32h7xx_hal_dma_ex.o
 .text.HAL_GPIO_Init
                0x08006310      0x56c ./Drivers/STM32H7xx_HAL_Driver/Src/stm32h7xx_hal_gpio.o
                0x08006310                HAL_GPIO_Init
 .text.HAL_GPIO_WritePin
                0x0800687c       0x58 ./Drivers/STM32H7xx_HAL_Driver/Src/stm32h7xx_hal_gpio.o
                0x0800687c                HAL_GPIO_WritePin
 .text.HAL_I2C_Init
                0x080068d4      0x25c ./Drivers/STM32H7xx_HAL_Driver/Src/stm32h7xx_hal_i2c.o
                0x080068d4                HAL_I2C_Init
 .text.HAL_I2C_Master_Transmit
                0x08006b30      0x230 ./Drivers/STM32H7xx_HAL_Driver/Src/stm32h7xx_hal_i2c.o
                0x08006b30                HAL_I2C_Master_Transmit
 .text.HAL_I2C_Master_Receive
                0x08006d60      0x1ec ./Drivers/STM32H7xx_HAL_Driver/Src/stm32h7xx_hal_i2c.o
                0x08006d60                HAL_I2C_Master_Receive
 .text.I2C_Flush_TXDR
                0x08006f4c       0x48 ./Drivers/STM32H7xx_HAL_Driver/Src/stm32h7xx_hal_i2c.o
 .text.I2C_WaitOnFlagUntilTimeout
                0x08006f94       0xb2 ./Drivers/STM32H7xx_HAL_Driver/Src/stm32h7xx_hal_i2c.o
 .text.I2C_WaitOnTXISFlagUntilTimeout
                0x08007046       0x8e ./Drivers/STM32H7xx_HAL_Driver/Src/stm32h7xx_hal_i2c.o
 .text.I2C_WaitOnSTOPFlagUntilTimeout
                0x080070d4       0x86 ./Drivers/STM32H7xx_HAL_Driver/Src/stm32h7xx_hal_i2c.o
 *fill*         0x0800715a        0x2 
 .text.I2C_WaitOnRXNEFlagUntilTimeout
                0x0800715c      0x118 ./Drivers/STM32H7xx_HAL_Driver/Src/stm32h7xx_hal_i2c.o
 .text.I2C_IsErrorOccurred
                0x08007274      0x1c0 ./Drivers/STM32H7xx_HAL_Driver/Src/stm32h7xx_hal_i2c.o
 .text.I2C_TransferConfig
                0x08007434       0xf8 ./Drivers/STM32H7xx_HAL_Driver/Src/stm32h7xx_hal_i2c.o
 .text.HAL_I2CEx_ConfigAnalogFilter
                0x0800752c       0xec ./Drivers/STM32H7xx_HAL_Driver/Src/stm32h7xx_hal_i2c_ex.o
                0x0800752c                HAL_I2CEx_ConfigAnalogFilter
 .text.HAL_I2CEx_ConfigDigitalFilter
                0x08007618       0xe8 ./Drivers/STM32H7xx_HAL_Driver/Src/stm32h7xx_hal_i2c_ex.o
                0x08007618                HAL_I2CEx_ConfigDigitalFilter
 .text.HAL_PWREx_ConfigSupply
                0x08007700       0x8c ./Drivers/STM32H7xx_HAL_Driver/Src/stm32h7xx_hal_pwr_ex.o
                0x08007700                HAL_PWREx_ConfigSupply
 .text.HAL_RCC_OscConfig
                0x0800778c      0xb64 ./Drivers/STM32H7xx_HAL_Driver/Src/stm32h7xx_hal_rcc.o
                0x0800778c                HAL_RCC_OscConfig
 .text.HAL_RCC_ClockConfig
                0x080082f0      0x6e0 ./Drivers/STM32H7xx_HAL_Driver/Src/stm32h7xx_hal_rcc.o
                0x080082f0                HAL_RCC_ClockConfig
 .text.HAL_RCC_MCOConfig
                0x080089d0      0x1d8 ./Drivers/STM32H7xx_HAL_Driver/Src/stm32h7xx_hal_rcc.o
                0x080089d0                HAL_RCC_MCOConfig
 .text.HAL_RCC_GetSysClockFreq
                0x08008ba8      0x2f4 ./Drivers/STM32H7xx_HAL_Driver/Src/stm32h7xx_hal_rcc.o
                0x08008ba8                HAL_RCC_GetSysClockFreq
 .text.HAL_RCC_GetHCLKFreq
                0x08008e9c       0x60 ./Drivers/STM32H7xx_HAL_Driver/Src/stm32h7xx_hal_rcc.o
                0x08008e9c                HAL_RCC_GetHCLKFreq
 .text.HAL_RCC_GetPCLK1Freq
                0x08008efc       0x2c ./Drivers/STM32H7xx_HAL_Driver/Src/stm32h7xx_hal_rcc.o
                0x08008efc                HAL_RCC_GetPCLK1Freq
 .text.HAL_RCCEx_PeriphCLKConfig
                0x08008f28     0x1a60 ./Drivers/STM32H7xx_HAL_Driver/Src/stm32h7xx_hal_rcc_ex.o
                0x08008f28                HAL_RCCEx_PeriphCLKConfig
 .text.HAL_RCCEx_GetPeriphCLKFreq
                0x0800a988      0xb00 ./Drivers/STM32H7xx_HAL_Driver/Src/stm32h7xx_hal_rcc_ex.o
                0x0800a988                HAL_RCCEx_GetPeriphCLKFreq
 .text.HAL_RCCEx_GetD3PCLK1Freq
                0x0800b488       0x2c ./Drivers/STM32H7xx_HAL_Driver/Src/stm32h7xx_hal_rcc_ex.o
                0x0800b488                HAL_RCCEx_GetD3PCLK1Freq
 .text.HAL_RCCEx_GetPLL2ClockFreq
                0x0800b4b4      0x2a8 ./Drivers/STM32H7xx_HAL_Driver/Src/stm32h7xx_hal_rcc_ex.o
                0x0800b4b4                HAL_RCCEx_GetPLL2ClockFreq
 .text.HAL_RCCEx_GetPLL3ClockFreq
                0x0800b75c      0x2a8 ./Drivers/STM32H7xx_HAL_Driver/Src/stm32h7xx_hal_rcc_ex.o
                0x0800b75c                HAL_RCCEx_GetPLL3ClockFreq
 .text.HAL_RCCEx_GetPLL1ClockFreq
                0x0800ba04      0x2a4 ./Drivers/STM32H7xx_HAL_Driver/Src/stm32h7xx_hal_rcc_ex.o
                0x0800ba04                HAL_RCCEx_GetPLL1ClockFreq
 .text.RCCEx_PLL2_Config
                0x0800bca8      0x244 ./Drivers/STM32H7xx_HAL_Driver/Src/stm32h7xx_hal_rcc_ex.o
 .text.RCCEx_PLL3_Config
                0x0800beec      0x24c ./Drivers/STM32H7xx_HAL_Driver/Src/stm32h7xx_hal_rcc_ex.o
 .text.HAL_RTC_Init
                0x0800c138      0x1dc ./Drivers/STM32H7xx_HAL_Driver/Src/stm32h7xx_hal_rtc.o
                0x0800c138                HAL_RTC_Init
 .text.HAL_RTC_SetTime
                0x0800c314      0x298 ./Drivers/STM32H7xx_HAL_Driver/Src/stm32h7xx_hal_rtc.o
                0x0800c314                HAL_RTC_SetTime
 .text.HAL_RTC_SetDate
                0x0800c5ac      0x220 ./Drivers/STM32H7xx_HAL_Driver/Src/stm32h7xx_hal_rtc.o
                0x0800c5ac                HAL_RTC_SetDate
 .text.HAL_RTC_WaitForSynchro
                0x0800c7cc       0x48 ./Drivers/STM32H7xx_HAL_Driver/Src/stm32h7xx_hal_rtc.o
                0x0800c7cc                HAL_RTC_WaitForSynchro
 .text.RTC_EnterInitMode
                0x0800c814       0x66 ./Drivers/STM32H7xx_HAL_Driver/Src/stm32h7xx_hal_rtc.o
                0x0800c814                RTC_EnterInitMode
 *fill*         0x0800c87a        0x2 
 .text.RTC_ExitInitMode
                0x0800c87c       0x7c ./Drivers/STM32H7xx_HAL_Driver/Src/stm32h7xx_hal_rtc.o
                0x0800c87c                RTC_ExitInitMode
 .text.RTC_ByteToBcd2
                0x0800c8f8       0x40 ./Drivers/STM32H7xx_HAL_Driver/Src/stm32h7xx_hal_rtc.o
                0x0800c8f8                RTC_ByteToBcd2
 .text.RTC_Bcd2ToByte
                0x0800c938       0x34 ./Drivers/STM32H7xx_HAL_Driver/Src/stm32h7xx_hal_rtc.o
                0x0800c938                RTC_Bcd2ToByte
 .text.HAL_SD_Init
                0x0800c96c      0x1c0 ./Drivers/STM32H7xx_HAL_Driver/Src/stm32h7xx_hal_sd.o
                0x0800c96c                HAL_SD_Init
 .text.HAL_SD_InitCard
                0x0800cb2c      0x15c ./Drivers/STM32H7xx_HAL_Driver/Src/stm32h7xx_hal_sd.o
                0x0800cb2c                HAL_SD_InitCard
 .text.HAL_SD_IRQHandler
                0x0800cc88      0x370 ./Drivers/STM32H7xx_HAL_Driver/Src/stm32h7xx_hal_sd.o
                0x0800cc88                HAL_SD_IRQHandler
 .text.HAL_SD_TxCpltCallback
                0x0800cff8       0x14 ./Drivers/STM32H7xx_HAL_Driver/Src/stm32h7xx_hal_sd.o
                0x0800cff8                HAL_SD_TxCpltCallback
 .text.HAL_SD_RxCpltCallback
                0x0800d00c       0x14 ./Drivers/STM32H7xx_HAL_Driver/Src/stm32h7xx_hal_sd.o
                0x0800d00c                HAL_SD_RxCpltCallback
 .text.HAL_SD_ErrorCallback
                0x0800d020       0x14 ./Drivers/STM32H7xx_HAL_Driver/Src/stm32h7xx_hal_sd.o
                0x0800d020                HAL_SD_ErrorCallback
 .text.HAL_SD_GetCardCSD
                0x0800d034      0x348 ./Drivers/STM32H7xx_HAL_Driver/Src/stm32h7xx_hal_sd.o
                0x0800d034                HAL_SD_GetCardCSD
 .text.HAL_SD_GetCardStatus
                0x0800d37c      0x17c ./Drivers/STM32H7xx_HAL_Driver/Src/stm32h7xx_hal_sd.o
                0x0800d37c                HAL_SD_GetCardStatus
 .text.HAL_SD_ConfigWideBusOperation
                0x0800d4f8      0x248 ./Drivers/STM32H7xx_HAL_Driver/Src/stm32h7xx_hal_sd.o
                0x0800d4f8                HAL_SD_ConfigWideBusOperation
 .text.HAL_SD_GetCardState
                0x0800d740       0x40 ./Drivers/STM32H7xx_HAL_Driver/Src/stm32h7xx_hal_sd.o
                0x0800d740                HAL_SD_GetCardState
 .text.SD_InitCard
                0x0800d780      0x19c ./Drivers/STM32H7xx_HAL_Driver/Src/stm32h7xx_hal_sd.o
 .text.SD_PowerON
                0x0800d91c      0x11c ./Drivers/STM32H7xx_HAL_Driver/Src/stm32h7xx_hal_sd.o
 .text.SD_SendSDStatus
                0x0800da38      0x1a0 ./Drivers/STM32H7xx_HAL_Driver/Src/stm32h7xx_hal_sd.o
 .text.SD_SendStatus
                0x0800dbd8       0x50 ./Drivers/STM32H7xx_HAL_Driver/Src/stm32h7xx_hal_sd.o
 .text.SD_WideBus_Enable
                0x0800dc28       0x96 ./Drivers/STM32H7xx_HAL_Driver/Src/stm32h7xx_hal_sd.o
 .text.SD_WideBus_Disable
                0x0800dcbe       0x96 ./Drivers/STM32H7xx_HAL_Driver/Src/stm32h7xx_hal_sd.o
 .text.SD_FindSCR
                0x0800dd54      0x1a0 ./Drivers/STM32H7xx_HAL_Driver/Src/stm32h7xx_hal_sd.o
 .text.SD_Read_IT
                0x0800def4       0x8c ./Drivers/STM32H7xx_HAL_Driver/Src/stm32h7xx_hal_sd.o
 .text.SD_Write_IT
                0x0800df80       0x94 ./Drivers/STM32H7xx_HAL_Driver/Src/stm32h7xx_hal_sd.o
 .text.HAL_SDEx_Read_DMADoubleBuf0CpltCallback
                0x0800e014       0x14 ./Drivers/STM32H7xx_HAL_Driver/Src/stm32h7xx_hal_sd.o
                0x0800e014                HAL_SDEx_Read_DMADoubleBuf0CpltCallback
 .text.HAL_SDEx_Read_DMADoubleBuf1CpltCallback
                0x0800e028       0x14 ./Drivers/STM32H7xx_HAL_Driver/Src/stm32h7xx_hal_sd.o
                0x0800e028                HAL_SDEx_Read_DMADoubleBuf1CpltCallback
 .text.HAL_SDEx_Write_DMADoubleBuf0CpltCallback
                0x0800e03c       0x14 ./Drivers/STM32H7xx_HAL_Driver/Src/stm32h7xx_hal_sd.o
                0x0800e03c                HAL_SDEx_Write_DMADoubleBuf0CpltCallback
 .text.HAL_SDEx_Write_DMADoubleBuf1CpltCallback
                0x0800e050       0x14 ./Drivers/STM32H7xx_HAL_Driver/Src/stm32h7xx_hal_sd.o
                0x0800e050                HAL_SDEx_Write_DMADoubleBuf1CpltCallback
 .text.HAL_SPI_Init
                0x0800e064      0x5a0 ./Drivers/STM32H7xx_HAL_Driver/Src/stm32h7xx_hal_spi.o
                0x0800e064                HAL_SPI_Init
 .text.HAL_SPI_Transmit
                0x0800e604      0x408 ./Drivers/STM32H7xx_HAL_Driver/Src/stm32h7xx_hal_spi.o
                0x0800e604                HAL_SPI_Transmit
 .text.HAL_SPI_IRQHandler
                0x0800ea0c      0x39c ./Drivers/STM32H7xx_HAL_Driver/Src/stm32h7xx_hal_spi.o
                0x0800ea0c                HAL_SPI_IRQHandler
 .text.HAL_SPI_TxCpltCallback
                0x0800eda8       0x14 ./Drivers/STM32H7xx_HAL_Driver/Src/stm32h7xx_hal_spi.o
                0x0800eda8                HAL_SPI_TxCpltCallback
 .text.HAL_SPI_RxCpltCallback
                0x0800edbc       0x14 ./Drivers/STM32H7xx_HAL_Driver/Src/stm32h7xx_hal_spi.o
                0x0800edbc                HAL_SPI_RxCpltCallback
 .text.HAL_SPI_TxRxCpltCallback
                0x0800edd0       0x14 ./Drivers/STM32H7xx_HAL_Driver/Src/stm32h7xx_hal_spi.o
                0x0800edd0                HAL_SPI_TxRxCpltCallback
 .text.HAL_SPI_ErrorCallback
                0x0800ede4       0x14 ./Drivers/STM32H7xx_HAL_Driver/Src/stm32h7xx_hal_spi.o
                0x0800ede4                HAL_SPI_ErrorCallback
 .text.HAL_SPI_SuspendCallback
                0x0800edf8       0x14 ./Drivers/STM32H7xx_HAL_Driver/Src/stm32h7xx_hal_spi.o
                0x0800edf8                HAL_SPI_SuspendCallback
 .text.SPI_DMAAbortOnError
                0x0800ee0c       0x34 ./Drivers/STM32H7xx_HAL_Driver/Src/stm32h7xx_hal_spi.o
 .text.SPI_CloseTransfer
                0x0800ee40      0x140 ./Drivers/STM32H7xx_HAL_Driver/Src/stm32h7xx_hal_spi.o
 .text.SPI_WaitOnFlagUntilTimeout
                0x0800ef80       0x5c ./Drivers/STM32H7xx_HAL_Driver/Src/stm32h7xx_hal_spi.o
 .text.SPI_GetPacketSize
                0x0800efdc       0x36 ./Drivers/STM32H7xx_HAL_Driver/Src/stm32h7xx_hal_spi.o
 *fill*         0x0800f012        0x2 
 .text.SDMMC_Init
                0x0800f014       0xe8 ./Drivers/STM32H7xx_HAL_Driver/Src/stm32h7xx_ll_sdmmc.o
                0x0800f014                SDMMC_Init
 .text.SDMMC_ReadFIFO
                0x0800f0fc       0x1a ./Drivers/STM32H7xx_HAL_Driver/Src/stm32h7xx_ll_sdmmc.o
                0x0800f0fc                SDMMC_ReadFIFO
 .text.SDMMC_WriteFIFO
                0x0800f116       0x22 ./Drivers/STM32H7xx_HAL_Driver/Src/stm32h7xx_ll_sdmmc.o
                0x0800f116                SDMMC_WriteFIFO
 .text.SDMMC_PowerState_ON
                0x0800f138       0x22 ./Drivers/STM32H7xx_HAL_Driver/Src/stm32h7xx_ll_sdmmc.o
                0x0800f138                SDMMC_PowerState_ON
 .text.SDMMC_GetPowerState
                0x0800f15a       0x1c ./Drivers/STM32H7xx_HAL_Driver/Src/stm32h7xx_ll_sdmmc.o
                0x0800f15a                SDMMC_GetPowerState
 *fill*         0x0800f176        0x2 
 .text.SDMMC_SendCommand
                0x0800f178       0xd0 ./Drivers/STM32H7xx_HAL_Driver/Src/stm32h7xx_ll_sdmmc.o
                0x0800f178                SDMMC_SendCommand
 .text.SDMMC_GetCommandResponse
                0x0800f248       0x1a ./Drivers/STM32H7xx_HAL_Driver/Src/stm32h7xx_ll_sdmmc.o
                0x0800f248                SDMMC_GetCommandResponse
 *fill*         0x0800f262        0x2 
 .text.SDMMC_GetResponse
                0x0800f264       0x48 ./Drivers/STM32H7xx_HAL_Driver/Src/stm32h7xx_ll_sdmmc.o
                0x0800f264                SDMMC_GetResponse
 .text.SDMMC_ConfigData
                0x0800f2ac      0x144 ./Drivers/STM32H7xx_HAL_Driver/Src/stm32h7xx_ll_sdmmc.o
                0x0800f2ac                SDMMC_ConfigData
 .text.SDMMC_CmdBlockLength
                0x0800f3f0       0x46 ./Drivers/STM32H7xx_HAL_Driver/Src/stm32h7xx_ll_sdmmc.o
                0x0800f3f0                SDMMC_CmdBlockLength
 *fill*         0x0800f436        0x2 
 .text.SDMMC_CmdStopTransfer
                0x0800f438       0x78 ./Drivers/STM32H7xx_HAL_Driver/Src/stm32h7xx_ll_sdmmc.o
                0x0800f438                SDMMC_CmdStopTransfer
 .text.SDMMC_CmdSelDesel
                0x0800f4b0       0x46 ./Drivers/STM32H7xx_HAL_Driver/Src/stm32h7xx_ll_sdmmc.o
                0x0800f4b0                SDMMC_CmdSelDesel
 .text.SDMMC_CmdGoIdleState
                0x0800f4f6       0x3c ./Drivers/STM32H7xx_HAL_Driver/Src/stm32h7xx_ll_sdmmc.o
                0x0800f4f6                SDMMC_CmdGoIdleState
 .text.SDMMC_CmdOperCond
                0x0800f532       0x40 ./Drivers/STM32H7xx_HAL_Driver/Src/stm32h7xx_ll_sdmmc.o
                0x0800f532                SDMMC_CmdOperCond
 .text.SDMMC_CmdAppCommand
                0x0800f572       0x46 ./Drivers/STM32H7xx_HAL_Driver/Src/stm32h7xx_ll_sdmmc.o
                0x0800f572                SDMMC_CmdAppCommand
 .text.SDMMC_CmdAppOperCommand
                0x0800f5b8       0x40 ./Drivers/STM32H7xx_HAL_Driver/Src/stm32h7xx_ll_sdmmc.o
                0x0800f5b8                SDMMC_CmdAppOperCommand
 .text.SDMMC_CmdBusWidth
                0x0800f5f8       0x46 ./Drivers/STM32H7xx_HAL_Driver/Src/stm32h7xx_ll_sdmmc.o
                0x0800f5f8                SDMMC_CmdBusWidth
 .text.SDMMC_CmdSendSCR
                0x0800f63e       0x44 ./Drivers/STM32H7xx_HAL_Driver/Src/stm32h7xx_ll_sdmmc.o
                0x0800f63e                SDMMC_CmdSendSCR
 .text.SDMMC_CmdSendCID
                0x0800f682       0x3e ./Drivers/STM32H7xx_HAL_Driver/Src/stm32h7xx_ll_sdmmc.o
                0x0800f682                SDMMC_CmdSendCID
 .text.SDMMC_CmdSendCSD
                0x0800f6c0       0x40 ./Drivers/STM32H7xx_HAL_Driver/Src/stm32h7xx_ll_sdmmc.o
                0x0800f6c0                SDMMC_CmdSendCSD
 .text.SDMMC_CmdSetRelAdd
                0x0800f700       0x44 ./Drivers/STM32H7xx_HAL_Driver/Src/stm32h7xx_ll_sdmmc.o
                0x0800f700                SDMMC_CmdSetRelAdd
 .text.SDMMC_CmdSendStatus
                0x0800f744       0x46 ./Drivers/STM32H7xx_HAL_Driver/Src/stm32h7xx_ll_sdmmc.o
                0x0800f744                SDMMC_CmdSendStatus
 .text.SDMMC_CmdStatusRegister
                0x0800f78a       0x44 ./Drivers/STM32H7xx_HAL_Driver/Src/stm32h7xx_ll_sdmmc.o
                0x0800f78a                SDMMC_CmdStatusRegister
 *fill*         0x0800f7ce        0x2 
 .text.SDMMC_GetCmdResp1
                0x0800f7d0      0x1e4 ./Drivers/STM32H7xx_HAL_Driver/Src/stm32h7xx_ll_sdmmc.o
                0x0800f7d0                SDMMC_GetCmdResp1
 .text.SDMMC_GetCmdResp2
                0x0800f9b4       0x94 ./Drivers/STM32H7xx_HAL_Driver/Src/stm32h7xx_ll_sdmmc.o
                0x0800f9b4                SDMMC_GetCmdResp2
 .text.SDMMC_GetCmdResp3
                0x0800fa48       0x80 ./Drivers/STM32H7xx_HAL_Driver/Src/stm32h7xx_ll_sdmmc.o
                0x0800fa48                SDMMC_GetCmdResp3
 .text.SDMMC_GetCmdResp6
                0x0800fac8       0xf0 ./Drivers/STM32H7xx_HAL_Driver/Src/stm32h7xx_ll_sdmmc.o
                0x0800fac8                SDMMC_GetCmdResp6
 .text.SDMMC_GetCmdResp7
                0x0800fbb8       0x9c ./Drivers/STM32H7xx_HAL_Driver/Src/stm32h7xx_ll_sdmmc.o
                0x0800fbb8                SDMMC_GetCmdResp7
 .text.SDMMC_GetCmdError
                0x0800fc54       0x5c ./Drivers/STM32H7xx_HAL_Driver/Src/stm32h7xx_ll_sdmmc.o
 .text.sprintf  0x0800fcb0       0x44 C:/ST/STM32CubeIDE_2.1.1/STM32CubeIDE/plugins/com.st.stm32cube.ide.mcu.externaltools.gnu-tools-for-stm32.14.3.rel1.win32_1.0.100.202602081740/tools/bin/../lib/gcc/arm-none-eabi/14.3.1/../../../../arm-none-eabi/lib/thumb/v7e-m+dp/hard\libc_nano.a(libc_a-sprintf.o)
                0x0800fcb0                siprintf
                0x0800fcb0                sprintf
 .text.memset   0x0800fcf4       0x10 C:/ST/STM32CubeIDE_2.1.1/STM32CubeIDE/plugins/com.st.stm32cube.ide.mcu.externaltools.gnu-tools-for-stm32.14.3.rel1.win32_1.0.100.202602081740/tools/bin/../lib/gcc/arm-none-eabi/14.3.1/../../../../arm-none-eabi/lib/thumb/v7e-m+dp/hard\libc_nano.a(libc_a-memset.o)
                0x0800fcf4                memset
 .text.__errno  0x0800fd04        0xc C:/ST/STM32CubeIDE_2.1.1/STM32CubeIDE/plugins/com.st.stm32cube.ide.mcu.externaltools.gnu-tools-for-stm32.14.3.rel1.win32_1.0.100.202602081740/tools/bin/../lib/gcc/arm-none-eabi/14.3.1/../../../../arm-none-eabi/lib/thumb/v7e-m+dp/hard\libc_nano.a(libc_a-errno.o)
                0x0800fd04                __errno
 .text.__libc_init_array
                0x0800fd10       0x48 C:/ST/STM32CubeIDE_2.1.1/STM32CubeIDE/plugins/com.st.stm32cube.ide.mcu.externaltools.gnu-tools-for-stm32.14.3.rel1.win32_1.0.100.202602081740/tools/bin/../lib/gcc/arm-none-eabi/14.3.1/../../../../arm-none-eabi/lib/thumb/v7e-m+dp/hard\libc_nano.a(libc_a-init.o)
                0x0800fd10                __libc_init_array
 .text.__retarget_lock_acquire_recursive
                0x0800fd58        0x2 C:/ST/STM32CubeIDE_2.1.1/STM32CubeIDE/plugins/com.st.stm32cube.ide.mcu.externaltools.gnu-tools-for-stm32.14.3.rel1.win32_1.0.100.202602081740/tools/bin/../lib/gcc/arm-none-eabi/14.3.1/../../../../arm-none-eabi/lib/thumb/v7e-m+dp/hard\libc_nano.a(libc_a-lock.o)
                0x0800fd58                __retarget_lock_acquire_recursive
 .text.__retarget_lock_release_recursive
                0x0800fd5a        0x2 C:/ST/STM32CubeIDE_2.1.1/STM32CubeIDE/plugins/com.st.stm32cube.ide.mcu.externaltools.gnu-tools-for-stm32.14.3.rel1.win32_1.0.100.202602081740/tools/bin/../lib/gcc/arm-none-eabi/14.3.1/../../../../arm-none-eabi/lib/thumb/v7e-m+dp/hard\libc_nano.a(libc_a-lock.o)
                0x0800fd5a                __retarget_lock_release_recursive
 .text._free_r  0x0800fd5c       0x94 C:/ST/STM32CubeIDE_2.1.1/STM32CubeIDE/plugins/com.st.stm32cube.ide.mcu.externaltools.gnu-tools-for-stm32.14.3.rel1.win32_1.0.100.202602081740/tools/bin/../lib/gcc/arm-none-eabi/14.3.1/../../../../arm-none-eabi/lib/thumb/v7e-m+dp/hard\libc_nano.a(libc_a-freer.o)
                0x0800fd5c                _free_r
 .text.sbrk_aligned
                0x0800fdf0       0x44 C:/ST/STM32CubeIDE_2.1.1/STM32CubeIDE/plugins/com.st.stm32cube.ide.mcu.externaltools.gnu-tools-for-stm32.14.3.rel1.win32_1.0.100.202602081740/tools/bin/../lib/gcc/arm-none-eabi/14.3.1/../../../../arm-none-eabi/lib/thumb/v7e-m+dp/hard\libc_nano.a(libc_a-mallocr.o)
 .text._malloc_r
                0x0800fe34      0x100 C:/ST/STM32CubeIDE_2.1.1/STM32CubeIDE/plugins/com.st.stm32cube.ide.mcu.externaltools.gnu-tools-for-stm32.14.3.rel1.win32_1.0.100.202602081740/tools/bin/../lib/gcc/arm-none-eabi/14.3.1/../../../../arm-none-eabi/lib/thumb/v7e-m+dp/hard\libc_nano.a(libc_a-mallocr.o)
                0x0800fe34                _malloc_r
 .text.__malloc_lock
                0x0800ff34        0xc C:/ST/STM32CubeIDE_2.1.1/STM32CubeIDE/plugins/com.st.stm32cube.ide.mcu.externaltools.gnu-tools-for-stm32.14.3.rel1.win32_1.0.100.202602081740/tools/bin/../lib/gcc/arm-none-eabi/14.3.1/../../../../arm-none-eabi/lib/thumb/v7e-m+dp/hard\libc_nano.a(libc_a-mlock.o)
                0x0800ff34                __malloc_lock
 .text.__malloc_unlock
                0x0800ff40        0xc C:/ST/STM32CubeIDE_2.1.1/STM32CubeIDE/plugins/com.st.stm32cube.ide.mcu.externaltools.gnu-tools-for-stm32.14.3.rel1.win32_1.0.100.202602081740/tools/bin/../lib/gcc/arm-none-eabi/14.3.1/../../../../arm-none-eabi/lib/thumb/v7e-m+dp/hard\libc_nano.a(libc_a-mlock.o)
                0x0800ff40                __malloc_unlock
 .text.__ssputs_r
                0x0800ff4c       0xc0 C:/ST/STM32CubeIDE_2.1.1/STM32CubeIDE/plugins/com.st.stm32cube.ide.mcu.externaltools.gnu-tools-for-stm32.14.3.rel1.win32_1.0.100.202602081740/tools/bin/../lib/gcc/arm-none-eabi/14.3.1/../../../../arm-none-eabi/lib/thumb/v7e-m+dp/hard\libc_nano.a(libc_a-nano-svfprintf.o)
                0x0800ff4c                __ssputs_r
 .text._svfprintf_r
                0x0801000c      0x1f0 C:/ST/STM32CubeIDE_2.1.1/STM32CubeIDE/plugins/com.st.stm32cube.ide.mcu.externaltools.gnu-tools-for-stm32.14.3.rel1.win32_1.0.100.202602081740/tools/bin/../lib/gcc/arm-none-eabi/14.3.1/../../../../arm-none-eabi/lib/thumb/v7e-m+dp/hard\libc_nano.a(libc_a-nano-svfprintf.o)
                0x0801000c                _svfiprintf_r
                0x0801000c                _svfprintf_r
 .text._printf_common
                0x080101fc       0xda C:/ST/STM32CubeIDE_2.1.1/STM32CubeIDE/plugins/com.st.stm32cube.ide.mcu.externaltools.gnu-tools-for-stm32.14.3.rel1.win32_1.0.100.202602081740/tools/bin/../lib/gcc/arm-none-eabi/14.3.1/../../../../arm-none-eabi/lib/thumb/v7e-m+dp/hard\libc_nano.a(libc_a-nano-vfprintf_i.o)
                0x080101fc                _printf_common
 *fill*         0x080102d6        0x2 
 .text._printf_i
                0x080102d8      0x24c C:/ST/STM32CubeIDE_2.1.1/STM32CubeIDE/plugins/com.st.stm32cube.ide.mcu.externaltools.gnu-tools-for-stm32.14.3.rel1.win32_1.0.100.202602081740/tools/bin/../lib/gcc/arm-none-eabi/14.3.1/../../../../arm-none-eabi/lib/thumb/v7e-m+dp/hard\libc_nano.a(libc_a-nano-vfprintf_i.o)
                0x080102d8                _printf_i
 .text.memmove  0x08010524       0x32 C:/ST/STM32CubeIDE_2.1.1/STM32CubeIDE/plugins/com.st.stm32cube.ide.mcu.externaltools.gnu-tools-for-stm32.14.3.rel1.win32_1.0.100.202602081740/tools/bin/../lib/gcc/arm-none-eabi/14.3.1/../../../../arm-none-eabi/lib/thumb/v7e-m+dp/hard\libc_nano.a(libc_a-memmove.o)
                0x08010524                memmove
 *fill*         0x08010556        0x2 
 .text._sbrk_r  0x08010558       0x20 C:/ST/STM32CubeIDE_2.1.1/STM32CubeIDE/plugins/com.st.stm32cube.ide.mcu.externaltools.gnu-tools-for-stm32.14.3.rel1.win32_1.0.100.202602081740/tools/bin/../lib/gcc/arm-none-eabi/14.3.1/../../../../arm-none-eabi/lib/thumb/v7e-m+dp/hard\libc_nano.a(libc_a-sbrkr.o)
                0x08010558                _sbrk_r
 .text.memcpy   0x08010578       0x1c C:/ST/STM32CubeIDE_2.1.1/STM32CubeIDE/plugins/com.st.stm32cube.ide.mcu.externaltools.gnu-tools-for-stm32.14.3.rel1.win32_1.0.100.202602081740/tools/bin/../lib/gcc/arm-none-eabi/14.3.1/../../../../arm-none-eabi/lib/thumb/v7e-m+dp/hard\libc_nano.a(libc_a-memcpy-stub.o)
                0x08010578                memcpy
 .text._realloc_r
                0x08010594       0x5c C:/ST/STM32CubeIDE_2.1.1/STM32CubeIDE/plugins/com.st.stm32cube.ide.mcu.externaltools.gnu-tools-for-stm32.14.3.rel1.win32_1.0.100.202602081740/tools/bin/../lib/gcc/arm-none-eabi/14.3.1/../../../../arm-none-eabi/lib/thumb/v7e-m+dp/hard\libc_nano.a(libc_a-reallocr.o)
                0x08010594                _realloc_r
 .text._malloc_usable_size_r
                0x080105f0       0x10 C:/ST/STM32CubeIDE_2.1.1/STM32CubeIDE/plugins/com.st.stm32cube.ide.mcu.externaltools.gnu-tools-for-stm32.14.3.rel1.win32_1.0.100.202602081740/tools/bin/../lib/gcc/arm-none-eabi/14.3.1/../../../../arm-none-eabi/lib/thumb/v7e-m+dp/hard\libc_nano.a(libc_a-msizer.o)
                0x080105f0                _malloc_usable_size_r
 *(.glue_7)
 .glue_7        0x08010600        0x0 linker stubs
 *(.glue_7t)
 .glue_7t       0x08010600        0x0 linker stubs
 *(.eh_frame)
 .eh_frame      0x08010600        0x0 C:/ST/STM32CubeIDE_2.1.1/STM32CubeIDE/plugins/com.st.stm32cube.ide.mcu.externaltools.gnu-tools-for-stm32.14.3.rel1.win32_1.0.100.202602081740/tools/bin/../lib/gcc/arm-none-eabi/14.3.1/thumb/v7e-m+dp/hard/crtbegin.o
 *(.init)
 .init          0x08010600        0x4 C:/ST/STM32CubeIDE_2.1.1/STM32CubeIDE/plugins/com.st.stm32cube.ide.mcu.externaltools.gnu-tools-for-stm32.14.3.rel1.win32_1.0.100.202602081740/tools/bin/../lib/gcc/arm-none-eabi/14.3.1/thumb/v7e-m+dp/hard/crti.o
                0x08010600                _init
 .init          0x08010604        0x8 C:/ST/STM32CubeIDE_2.1.1/STM32CubeIDE/plugins/com.st.stm32cube.ide.mcu.externaltools.gnu-tools-for-stm32.14.3.rel1.win32_1.0.100.202602081740/tools/bin/../lib/gcc/arm-none-eabi/14.3.1/thumb/v7e-m+dp/hard/crtn.o
 *(.fini)
 .fini          0x0801060c        0x4 C:/ST/STM32CubeIDE_2.1.1/STM32CubeIDE/plugins/com.st.stm32cube.ide.mcu.externaltools.gnu-tools-for-stm32.14.3.rel1.win32_1.0.100.202602081740/tools/bin/../lib/gcc/arm-none-eabi/14.3.1/thumb/v7e-m+dp/hard/crti.o
                0x0801060c                _fini
 .fini          0x08010610        0x8 C:/ST/STM32CubeIDE_2.1.1/STM32CubeIDE/plugins/com.st.stm32cube.ide.mcu.externaltools.gnu-tools-for-stm32.14.3.rel1.win32_1.0.100.202602081740/tools/bin/../lib/gcc/arm-none-eabi/14.3.1/thumb/v7e-m+dp/hard/crtn.o
                0x08010618                        . = ALIGN (0x4)
                0x08010618                        _etext = .

.vfp11_veneer   0x08010618        0x0
 .vfp11_veneer  0x08010618        0x0 linker stubs

.v4_bx          0x08010618        0x0
 .v4_bx         0x08010618        0x0 linker stubs

.iplt           0x08010618        0x0
 .iplt          0x08010618        0x0 C:/ST/STM32CubeIDE_2.1.1/STM32CubeIDE/plugins/com.st.stm32cube.ide.mcu.externaltools.gnu-tools-for-stm32.14.3.rel1.win32_1.0.100.202602081740/tools/bin/../lib/gcc/arm-none-eabi/14.3.1/thumb/v7e-m+dp/hard/crtbegin.o

.rodata         0x08010618      0x6c4
                0x08010618                        . = ALIGN (0x4)
 *(.rodata)
 .rodata        0x08010618       0x20 ./Core/Src/st7735.o
 *(.rodata*)
 .rodata.Check_Buffer_Data.str1.4
                0x08010638      0x3cd ./Core/Src/main.o
                                 0x1c (size before relaxing)
 .rodata.Check_DMA_Activity.str1.4
                0x08010a05       0x3d ./Core/Src/main.o
 .rodata.main.str1.4
                0x08010a05       0x41 ./Core/Src/main.o
 *fill*         0x08010a05        0x3 
 .rodata.ov5640_default_regs
                0x08010a08       0xd8 ./Core/Src/ov5640_regs.o
                0x08010a08                ov5640_default_regs
 .rodata.ov5640_default_regs_size
                0x08010ae0        0x4 ./Core/Src/ov5640_regs.o
                0x08010ae0                ov5640_default_regs_size
 .rodata.Font5x7
                0x08010ae4      0x1a9 ./Core/Src/st7735.o
 *fill*         0x08010c8d        0x3 
 .rodata.D1CorePrescTable
                0x08010c90       0x10 ./Core/Src/system_stm32h7xx.o
                0x08010c90                D1CorePrescTable
 .rodata.HAL_NVIC_SetPriorityGrouping.str1.4
                0x08010ca0       0x3b ./Drivers/STM32H7xx_HAL_Driver/Src/stm32h7xx_hal_cortex.o
 .rodata.HAL_DCMI_Init.str1.4
                0x08010ca0       0x39 ./Drivers/STM32H7xx_HAL_Driver/Src/stm32h7xx_hal_dcmi.o
 .rodata.HAL_DMA_Init.str1.4
                0x08010ca0       0x38 ./Drivers/STM32H7xx_HAL_Driver/Src/stm32h7xx_hal_dma.o
 .rodata.flagBitshiftOffset.0
                0x08010ca0        0x8 ./Drivers/STM32H7xx_HAL_Driver/Src/stm32h7xx_hal_dma.o
 .rodata.HAL_DMAEx_MultiBufferStart.str1.4
                0x08010ca8       0x3b ./Drivers/STM32H7xx_HAL_Driver/Src/stm32h7xx_hal_dma_ex.o
 .rodata.HAL_GPIO_Init.str1.4
                0x08010ca8       0x39 ./Drivers/STM32H7xx_HAL_Driver/Src/stm32h7xx_hal_gpio.o
 .rodata.HAL_I2C_Init.str1.4
                0x08010ca8       0x38 ./Drivers/STM32H7xx_HAL_Driver/Src/stm32h7xx_hal_i2c.o
 .rodata.HAL_I2CEx_ConfigAnalogFilter.str1.4
                0x08010ca8       0x3b ./Drivers/STM32H7xx_HAL_Driver/Src/stm32h7xx_hal_i2c_ex.o
 .rodata.HAL_PWREx_ConfigSupply.str1.4
                0x08010ca8       0x3b ./Drivers/STM32H7xx_HAL_Driver/Src/stm32h7xx_hal_pwr_ex.o
 .rodata.HAL_RCC_OscConfig.str1.4
                0x08010ca8       0x38 ./Drivers/STM32H7xx_HAL_Driver/Src/stm32h7xx_hal_rcc.o
 .rodata.HAL_RCCEx_PeriphCLKConfig.str1.4
                0x08010ca8       0x3b ./Drivers/STM32H7xx_HAL_Driver/Src/stm32h7xx_hal_rcc_ex.o
 .rodata.HAL_RTC_Init.str1.4
                0x08010ca8       0x38 ./Drivers/STM32H7xx_HAL_Driver/Src/stm32h7xx_hal_rtc.o
 .rodata.HAL_SD_Init.str1.4
                0x08010ca8       0x37 ./Drivers/STM32H7xx_HAL_Driver/Src/stm32h7xx_hal_sd.o
 .rodata.HAL_SPI_Init.str1.4
                0x08010ca8       0x38 ./Drivers/STM32H7xx_HAL_Driver/Src/stm32h7xx_hal_spi.o
 .rodata.SDMMC_Init.str1.4
                0x08010ca8       0x39 ./Drivers/STM32H7xx_HAL_Driver/Src/stm32h7xx_ll_sdmmc.o
 .rodata._svfprintf_r.str1.1
                0x08010ca8       0x33 C:/ST/STM32CubeIDE_2.1.1/STM32CubeIDE/plugins/com.st.stm32cube.ide.mcu.externaltools.gnu-tools-for-stm32.14.3.rel1.win32_1.0.100.202602081740/tools/bin/../lib/gcc/arm-none-eabi/14.3.1/../../../../arm-none-eabi/lib/thumb/v7e-m+dp/hard\libc_nano.a(libc_a-nano-svfprintf.o)
                                 0x11 (size before relaxing)
 .rodata._printf_i.str1.1
                0x08010cdb       0x22 C:/ST/STM32CubeIDE_2.1.1/STM32CubeIDE/plugins/com.st.stm32cube.ide.mcu.externaltools.gnu-tools-for-stm32.14.3.rel1.win32_1.0.100.202602081740/tools/bin/../lib/gcc/arm-none-eabi/14.3.1/../../../../arm-none-eabi/lib/thumb/v7e-m+dp/hard\libc_nano.a(libc_a-nano-vfprintf_i.o)
                0x08010d00                        . = ALIGN (0x4)
 *fill*         0x08010cdb        0x1 

.ARM.extab
 *(.ARM.extab* .gnu.linkonce.armextab.*)

.ARM            0x08010cdc        0x8
                0x08010cdc                        __exidx_start = .
 *(.ARM.exidx*)
 .ARM.exidx     0x08010cdc        0x8 C:/ST/STM32CubeIDE_2.1.1/STM32CubeIDE/plugins/com.st.stm32cube.ide.mcu.externaltools.gnu-tools-for-stm32.14.3.rel1.win32_1.0.100.202602081740/tools/bin/../lib/gcc/arm-none-eabi/14.3.1/../../../../arm-none-eabi/lib/thumb/v7e-m+dp/hard\libc_nano.a(libc_a-memchr.o)
                0x08010ce4                        __exidx_end = .

.preinit_array  0x08010ce4        0x0
                0x08010ce4                        PROVIDE (__preinit_array_start = .)
 *(.preinit_array*)
                0x08010ce4                        PROVIDE (__preinit_array_end = .)

.init_array     0x08010ce4        0x4
                0x08010ce4                        PROVIDE (__init_array_start = .)
 *(SORT_BY_NAME(.init_array.*))
 *(.init_array*)
 .init_array    0x08010ce4        0x4 C:/ST/STM32CubeIDE_2.1.1/STM32CubeIDE/plugins/com.st.stm32cube.ide.mcu.externaltools.gnu-tools-for-stm32.14.3.rel1.win32_1.0.100.202602081740/tools/bin/../lib/gcc/arm-none-eabi/14.3.1/thumb/v7e-m+dp/hard/crtbegin.o
                0x08010ce8                        PROVIDE (__init_array_end = .)

.fini_array     0x08010ce8        0x4
                [!provide]                        PROVIDE (__fini_array_start = .)
 *(SORT_BY_NAME(.fini_array.*))
 *(.fini_array*)
 .fini_array    0x08010ce8        0x4 C:/ST/STM32CubeIDE_2.1.1/STM32CubeIDE/plugins/com.st.stm32cube.ide.mcu.externaltools.gnu-tools-for-stm32.14.3.rel1.win32_1.0.100.202602081740/tools/bin/../lib/gcc/arm-none-eabi/14.3.1/thumb/v7e-m+dp/hard/crtbegin.o
                [!provide]                        PROVIDE (__fini_array_end = .)
                0x08010cec                        _sidata = LOADADDR (.data)

.rel.dyn        0x08010cec        0x0
 .rel.iplt      0x08010cec        0x0 C:/ST/STM32CubeIDE_2.1.1/STM32CubeIDE/plugins/com.st.stm32cube.ide.mcu.externaltools.gnu-tools-for-stm32.14.3.rel1.win32_1.0.100.202602081740/tools/bin/../lib/gcc/arm-none-eabi/14.3.1/thumb/v7e-m+dp/hard/crtbegin.o

.data           0x24000000       0x60 load address 0x08010cec
                0x24000000                        . = ALIGN (0x4)
                0x24000000                        _sdata = .
 *(.data)
 *(.data*)
 .data.SystemCoreClock
                0x24000000        0x4 ./Core/Src/system_stm32h7xx.o
                0x24000000                SystemCoreClock
 .data.SystemD2Clock
                0x24000004        0x4 ./Core/Src/system_stm32h7xx.o
                0x24000004                SystemD2Clock
 .data.uwTickPrio
                0x24000008        0x4 ./Drivers/STM32H7xx_HAL_Driver/Src/stm32h7xx_hal.o
                0x24000008                uwTickPrio
 .data.uwTickFreq
                0x2400000c        0x1 ./Drivers/STM32H7xx_HAL_Driver/Src/stm32h7xx_hal.o
                0x2400000c                uwTickFreq
 *fill*         0x2400000d        0x3 
 .data._impure_ptr
                0x24000010        0x4 C:/ST/STM32CubeIDE_2.1.1/STM32CubeIDE/plugins/com.st.stm32cube.ide.mcu.externaltools.gnu-tools-for-stm32.14.3.rel1.win32_1.0.100.202602081740/tools/bin/../lib/gcc/arm-none-eabi/14.3.1/../../../../arm-none-eabi/lib/thumb/v7e-m+dp/hard\libc_nano.a(libc_a-impure.o)
                0x24000010                _impure_ptr
 .data._impure_data
                0x24000014       0x4c C:/ST/STM32CubeIDE_2.1.1/STM32CubeIDE/plugins/com.st.stm32cube.ide.mcu.externaltools.gnu-tools-for-stm32.14.3.rel1.win32_1.0.100.202602081740/tools/bin/../lib/gcc/arm-none-eabi/14.3.1/../../../../arm-none-eabi/lib/thumb/v7e-m+dp/hard\libc_nano.a(libc_a-impure.o)
                0x24000014                _impure_data
 *(.RamFunc)
 *(.RamFunc*)
                0x24000060                        . = ALIGN (0x4)
                0x24000060                        _edata = .

.igot.plt       0x24000060        0x0 load address 0x08010d4c
 .igot.plt      0x24000060        0x0 C:/ST/STM32CubeIDE_2.1.1/STM32CubeIDE/plugins/com.st.stm32cube.ide.mcu.externaltools.gnu-tools-for-stm32.14.3.rel1.win32_1.0.100.202602081740/tools/bin/../lib/gcc/arm-none-eabi/14.3.1/thumb/v7e-m+dp/hard/crtbegin.o
                0x24000060                        . = ALIGN (0x4)

.bss            0x24000060      0x3dc load address 0x08010d4c
                0x24000060                        _sbss = .
                0x24000060                        __bss_start__ = _sbss
 *(.bss)
 .bss           0x24000060       0x1c C:/ST/STM32CubeIDE_2.1.1/STM32CubeIDE/plugins/com.st.stm32cube.ide.mcu.externaltools.gnu-tools-for-stm32.14.3.rel1.win32_1.0.100.202602081740/tools/bin/../lib/gcc/arm-none-eabi/14.3.1/thumb/v7e-m+dp/hard/crtbegin.o
 *(.bss*)
 .bss.hdcmi     0x2400007c       0x68 ./Core/Src/dcmi.o
                0x2400007c                hdcmi
 .bss.hdma_dcmi
                0x240000e4       0x78 ./Core/Src/dcmi.o
                0x240000e4                hdma_dcmi
 .bss.hi2c1     0x2400015c       0x54 ./Core/Src/i2c.o
                0x2400015c                hi2c1
 .bss.g_frame_capture_complete
                0x240001b0        0x1 ./Core/Src/main.o
                0x240001b0                g_frame_capture_complete
 *fill*         0x240001b1        0x1 
 .bss.line_count
                0x240001b2        0x2 ./Core/Src/main.o
 .bss.frame_count
                0x240001b4        0x4 ./Core/Src/main.o
 .bss.checksum_prev
                0x240001b8        0x4 ./Core/Src/main.o
                0x240001b8                checksum_prev
 .bss.prev_ndtr.1
                0x240001bc        0x4 ./Core/Src/main.o
 .bss.vsync_count.0
                0x240001c0        0x4 ./Core/Src/main.o
 .bss.hrtc      0x240001c4       0x24 ./Core/Src/rtc.o
                0x240001c4                hrtc
 .bss.hsd1      0x240001e8       0x7c ./Core/Src/sdmmc.o
                0x240001e8                hsd1
 .bss.hspi4     0x24000264       0x88 ./Core/Src/spi.o
                0x24000264                hspi4
 .bss.__sbrk_heap_end
                0x240002ec        0x4 ./Core/Src/sysmem.o
 .bss.uwTick    0x240002f0        0x4 ./Drivers/STM32H7xx_HAL_Driver/Src/stm32h7xx_hal.o
                0x240002f0                uwTick
 .bss.__sf      0x240002f4      0x138 C:/ST/STM32CubeIDE_2.1.1/STM32CubeIDE/plugins/com.st.stm32cube.ide.mcu.externaltools.gnu-tools-for-stm32.14.3.rel1.win32_1.0.100.202602081740/tools/bin/../lib/gcc/arm-none-eabi/14.3.1/../../../../arm-none-eabi/lib/thumb/v7e-m+dp/hard\libc_nano.a(libc_a-findfp.o)
                0x240002f4                __sf
 .bss.errno     0x2400042c        0x4 C:/ST/STM32CubeIDE_2.1.1/STM32CubeIDE/plugins/com.st.stm32cube.ide.mcu.externaltools.gnu-tools-for-stm32.14.3.rel1.win32_1.0.100.202602081740/tools/bin/../lib/gcc/arm-none-eabi/14.3.1/../../../../arm-none-eabi/lib/thumb/v7e-m+dp/hard\libc_nano.a(libc_a-reent.o)
                0x2400042c                errno
 .bss.__lock___malloc_recursive_mutex
                0x24000430        0x1 C:/ST/STM32CubeIDE_2.1.1/STM32CubeIDE/plugins/com.st.stm32cube.ide.mcu.externaltools.gnu-tools-for-stm32.14.3.rel1.win32_1.0.100.202602081740/tools/bin/../lib/gcc/arm-none-eabi/14.3.1/../../../../arm-none-eabi/lib/thumb/v7e-m+dp/hard\libc_nano.a(libc_a-lock.o)
                0x24000430                __lock___malloc_recursive_mutex
 *fill*         0x24000431        0x3 
 .bss.__malloc_sbrk_start
                0x24000434        0x4 C:/ST/STM32CubeIDE_2.1.1/STM32CubeIDE/plugins/com.st.stm32cube.ide.mcu.externaltools.gnu-tools-for-stm32.14.3.rel1.win32_1.0.100.202602081740/tools/bin/../lib/gcc/arm-none-eabi/14.3.1/../../../../arm-none-eabi/lib/thumb/v7e-m+dp/hard\libc_nano.a(libc_a-mallocr.o)
                0x24000434                __malloc_sbrk_start
 .bss.__malloc_free_list
                0x24000438        0x4 C:/ST/STM32CubeIDE_2.1.1/STM32CubeIDE/plugins/com.st.stm32cube.ide.mcu.externaltools.gnu-tools-for-stm32.14.3.rel1.win32_1.0.100.202602081740/tools/bin/../lib/gcc/arm-none-eabi/14.3.1/../../../../arm-none-eabi/lib/thumb/v7e-m+dp/hard\libc_nano.a(libc_a-mallocr.o)
                0x24000438                __malloc_free_list
 *(COMMON)
                0x2400043c                        . = ALIGN (0x4)
                0x2400043c                        _ebss = .
                0x2400043c                        __bss_end__ = _ebss

._user_heap_stack
                0x2400043c      0x604 load address 0x08010d4c
                0x24000440                        . = ALIGN (0x8)
 *fill*         0x2400043c        0x4 
                [!provide]                        PROVIDE (end = .)
                0x24000440                        PROVIDE (_end = .)
                0x24000640                        . = (. + _Min_Heap_Size)
 *fill*         0x24000440      0x200 
                0x24000a40                        . = (. + _Min_Stack_Size)
 *fill*         0x24000640      0x400 
                0x24000a40                        . = ALIGN (0x8)

/DISCARD/
 libc.a(*)
 libm.a(*)
 libgcc.a(*)

.ARM.attributes
                0x00000000       0x2e
 *(.ARM.attributes)
 .ARM.attributes
                0x00000000       0x20 C:/ST/STM32CubeIDE_2.1.1/STM32CubeIDE/plugins/com.st.stm32cube.ide.mcu.externaltools.gnu-tools-for-stm32.14.3.rel1.win32_1.0.100.202602081740/tools/bin/../lib/gcc/arm-none-eabi/14.3.1/thumb/v7e-m+dp/hard/crti.o
 .ARM.attributes
                0x00000020       0x32 C:/ST/STM32CubeIDE_2.1.1/STM32CubeIDE/plugins/com.st.stm32cube.ide.mcu.externaltools.gnu-tools-for-stm32.14.3.rel1.win32_1.0.100.202602081740/tools/bin/../lib/gcc/arm-none-eabi/14.3.1/thumb/v7e-m+dp/hard/crtbegin.o
 .ARM.attributes
                0x00000052       0x32 ./Core/Src/dcmi.o
 .ARM.attributes
                0x00000084       0x32 ./Core/Src/dma.o
 .ARM.attributes
                0x000000b6       0x32 ./Core/Src/gpio.o
 .ARM.attributes
                0x000000e8       0x32 ./Core/Src/i2c.o
 .ARM.attributes
                0x0000011a       0x32 ./Core/Src/main.o
 .ARM.attributes
                0x0000014c       0x32 ./Core/Src/ov5640.o
 .ARM.attributes
                0x0000017e       0x32 ./Core/Src/ov5640_regs.o
 .ARM.attributes
                0x000001b0       0x32 ./Core/Src/rtc.o
 .ARM.attributes
                0x000001e2       0x32 ./Core/Src/sdmmc.o
 .ARM.attributes
                0x00000214       0x32 ./Core/Src/spi.o
 .ARM.attributes
                0x00000246       0x32 ./Core/Src/st7735.o
 .ARM.attributes
                0x00000278       0x32 ./Core/Src/stm32h7xx_hal_msp.o
 .ARM.attributes
                0x000002aa       0x32 ./Core/Src/stm32h7xx_it.o
 .ARM.attributes
                0x000002dc       0x32 ./Core/Src/sysmem.o
 .ARM.attributes
                0x0000030e       0x32 ./Core/Src/system_stm32h7xx.o
 .ARM.attributes
                0x00000340       0x21 ./Core/Startup/startup_stm32h743vitx.o
 .ARM.attributes
                0x00000361       0x32 ./Drivers/STM32H7xx_HAL_Driver/Src/stm32h7xx_hal.o
 .ARM.attributes
                0x00000393       0x32 ./Drivers/STM32H7xx_HAL_Driver/Src/stm32h7xx_hal_cortex.o
 .ARM.attributes
                0x000003c5       0x32 ./Drivers/STM32H7xx_HAL_Driver/Src/stm32h7xx_hal_dcmi.o
 .ARM.attributes
                0x000003f7       0x32 ./Drivers/STM32H7xx_HAL_Driver/Src/stm32h7xx_hal_dma.o
 .ARM.attributes
                0x00000429       0x32 ./Drivers/STM32H7xx_HAL_Driver/Src/stm32h7xx_hal_dma_ex.o
 .ARM.attributes
                0x0000045b       0x32 ./Drivers/STM32H7xx_HAL_Driver/Src/stm32h7xx_hal_gpio.o
 .ARM.attributes
                0x0000048d       0x32 ./Drivers/STM32H7xx_HAL_Driver/Src/stm32h7xx_hal_i2c.o
 .ARM.attributes
                0x000004bf       0x32 ./Drivers/STM32H7xx_HAL_Driver/Src/stm32h7xx_hal_i2c_ex.o
 .ARM.attributes
                0x000004f1       0x32 ./Drivers/STM32H7xx_HAL_Driver/Src/stm32h7xx_hal_pwr_ex.o
 .ARM.attributes
                0x00000523       0x32 ./Drivers/STM32H7xx_HAL_Driver/Src/stm32h7xx_hal_rcc.o
 .ARM.attributes
                0x00000555       0x32 ./Drivers/STM32H7xx_HAL_Driver/Src/stm32h7xx_hal_rcc_ex.o
 .ARM.attributes
                0x00000587       0x32 ./Drivers/STM32H7xx_HAL_Driver/Src/stm32h7xx_hal_rtc.o
 .ARM.attributes
                0x000005b9       0x32 ./Drivers/STM32H7xx_HAL_Driver/Src/stm32h7xx_hal_sd.o
 .ARM.attributes
                0x000005eb       0x32 ./Drivers/STM32H7xx_HAL_Driver/Src/stm32h7xx_hal_spi.o
 .ARM.attributes
                0x0000061d       0x32 ./Drivers/STM32H7xx_HAL_Driver/Src/stm32h7xx_ll_sdmmc.o
 .ARM.attributes
                0x0000064f       0x32 C:/ST/STM32CubeIDE_2.1.1/STM32CubeIDE/plugins/com.st.stm32cube.ide.mcu.externaltools.gnu-tools-for-stm32.14.3.rel1.win32_1.0.100.202602081740/tools/bin/../lib/gcc/arm-none-eabi/14.3.1/../../../../arm-none-eabi/lib/thumb/v7e-m+dp/hard\libc_nano.a(libc_a-findfp.o)
 .ARM.attributes
                0x00000681       0x32 C:/ST/STM32CubeIDE_2.1.1/STM32CubeIDE/plugins/com.st.stm32cube.ide.mcu.externaltools.gnu-tools-for-stm32.14.3.rel1.win32_1.0.100.202602081740/tools/bin/../lib/gcc/arm-none-eabi/14.3.1/../../../../arm-none-eabi/lib/thumb/v7e-m+dp/hard\libc_nano.a(libc_a-sprintf.o)
 .ARM.attributes
                0x000006b3       0x32 C:/ST/STM32CubeIDE_2.1.1/STM32CubeIDE/plugins/com.st.stm32cube.ide.mcu.externaltools.gnu-tools-for-stm32.14.3.rel1.win32_1.0.100.202602081740/tools/bin/../lib/gcc/arm-none-eabi/14.3.1/../../../../arm-none-eabi/lib/thumb/v7e-m+dp/hard\libc_nano.a(libc_a-memset.o)
 .ARM.attributes
                0x000006e5       0x32 C:/ST/STM32CubeIDE_2.1.1/STM32CubeIDE/plugins/com.st.stm32cube.ide.mcu.externaltools.gnu-tools-for-stm32.14.3.rel1.win32_1.0.100.202602081740/tools/bin/../lib/gcc/arm-none-eabi/14.3.1/../../../../arm-none-eabi/lib/thumb/v7e-m+dp/hard\libc_nano.a(libc_a-reent.o)
 .ARM.attributes
                0x00000717       0x32 C:/ST/STM32CubeIDE_2.1.1/STM32CubeIDE/plugins/com.st.stm32cube.ide.mcu.externaltools.gnu-tools-for-stm32.14.3.rel1.win32_1.0.100.202602081740/tools/bin/../lib/gcc/arm-none-eabi/14.3.1/../../../../arm-none-eabi/lib/thumb/v7e-m+dp/hard\libc_nano.a(libc_a-impure.o)
 .ARM.attributes
                0x00000749       0x32 C:/ST/STM32CubeIDE_2.1.1/STM32CubeIDE/plugins/com.st.stm32cube.ide.mcu.externaltools.gnu-tools-for-stm32.14.3.rel1.win32_1.0.100.202602081740/tools/bin/../lib/gcc/arm-none-eabi/14.3.1/../../../../arm-none-eabi/lib/thumb/v7e-m+dp/hard\libc_nano.a(libc_a-errno.o)
 .ARM.attributes
                0x0000077b       0x32 C:/ST/STM32CubeIDE_2.1.1/STM32CubeIDE/plugins/com.st.stm32cube.ide.mcu.externaltools.gnu-tools-for-stm32.14.3.rel1.win32_1.0.100.202602081740/tools/bin/../lib/gcc/arm-none-eabi/14.3.1/../../../../arm-none-eabi/lib/thumb/v7e-m+dp/hard\libc_nano.a(libc_a-init.o)
 .ARM.attributes
                0x000007ad       0x32 C:/ST/STM32CubeIDE_2.1.1/STM32CubeIDE/plugins/com.st.stm32cube.ide.mcu.externaltools.gnu-tools-for-stm32.14.3.rel1.win32_1.0.100.202602081740/tools/bin/../lib/gcc/arm-none-eabi/14.3.1/../../../../arm-none-eabi/lib/thumb/v7e-m+dp/hard\libc_nano.a(libc_a-lock.o)
 .ARM.attributes
                0x000007df       0x32 C:/ST/STM32CubeIDE_2.1.1/STM32CubeIDE/plugins/com.st.stm32cube.ide.mcu.externaltools.gnu-tools-for-stm32.14.3.rel1.win32_1.0.100.202602081740/tools/bin/../lib/gcc/arm-none-eabi/14.3.1/../../../../arm-none-eabi/lib/thumb/v7e-m+dp/hard\libc_nano.a(libc_a-freer.o)
 .ARM.attributes
                0x00000811       0x32 C:/ST/STM32CubeIDE_2.1.1/STM32CubeIDE/plugins/com.st.stm32cube.ide.mcu.externaltools.gnu-tools-for-stm32.14.3.rel1.win32_1.0.100.202602081740/tools/bin/../lib/gcc/arm-none-eabi/14.3.1/../../../../arm-none-eabi/lib/thumb/v7e-m+dp/hard\libc_nano.a(libc_a-mallocr.o)
 .ARM.attributes
                0x00000843       0x32 C:/ST/STM32CubeIDE_2.1.1/STM32CubeIDE/plugins/com.st.stm32cube.ide.mcu.externaltools.gnu-tools-for-stm32.14.3.rel1.win32_1.0.100.202602081740/tools/bin/../lib/gcc/arm-none-eabi/14.3.1/../../../../arm-none-eabi/lib/thumb/v7e-m+dp/hard\libc_nano.a(libc_a-mlock.o)
 .ARM.attributes
                0x00000875       0x32 C:/ST/STM32CubeIDE_2.1.1/STM32CubeIDE/plugins/com.st.stm32cube.ide.mcu.externaltools.gnu-tools-for-stm32.14.3.rel1.win32_1.0.100.202602081740/tools/bin/../lib/gcc/arm-none-eabi/14.3.1/../../../../arm-none-eabi/lib/thumb/v7e-m+dp/hard\libc_nano.a(libc_a-nano-svfprintf.o)
 .ARM.attributes
                0x000008a7       0x32 C:/ST/STM32CubeIDE_2.1.1/STM32CubeIDE/plugins/com.st.stm32cube.ide.mcu.externaltools.gnu-tools-for-stm32.14.3.rel1.win32_1.0.100.202602081740/tools/bin/../lib/gcc/arm-none-eabi/14.3.1/../../../../arm-none-eabi/lib/thumb/v7e-m+dp/hard\libc_nano.a(libc_a-nano-vfprintf_i.o)
 .ARM.attributes
                0x000008d9       0x32 C:/ST/STM32CubeIDE_2.1.1/STM32CubeIDE/plugins/com.st.stm32cube.ide.mcu.externaltools.gnu-tools-for-stm32.14.3.rel1.win32_1.0.100.202602081740/tools/bin/../lib/gcc/arm-none-eabi/14.3.1/../../../../arm-none-eabi/lib/thumb/v7e-m+dp/hard\libc_nano.a(libc_a-memmove.o)
 .ARM.attributes
                0x0000090b       0x32 C:/ST/STM32CubeIDE_2.1.1/STM32CubeIDE/plugins/com.st.stm32cube.ide.mcu.externaltools.gnu-tools-for-stm32.14.3.rel1.win32_1.0.100.202602081740/tools/bin/../lib/gcc/arm-none-eabi/14.3.1/../../../../arm-none-eabi/lib/thumb/v7e-m+dp/hard\libc_nano.a(libc_a-sbrkr.o)
 .ARM.attributes
                0x0000093d       0x1c C:/ST/STM32CubeIDE_2.1.1/STM32CubeIDE/plugins/com.st.stm32cube.ide.mcu.externaltools.gnu-tools-for-stm32.14.3.rel1.win32_1.0.100.202602081740/tools/bin/../lib/gcc/arm-none-eabi/14.3.1/../../../../arm-none-eabi/lib/thumb/v7e-m+dp/hard\libc_nano.a(libc_a-memchr.o)
 .ARM.attributes
                0x00000959       0x32 C:/ST/STM32CubeIDE_2.1.1/STM32CubeIDE/plugins/com.st.stm32cube.ide.mcu.externaltools.gnu-tools-for-stm32.14.3.rel1.win32_1.0.100.202602081740/tools/bin/../lib/gcc/arm-none-eabi/14.3.1/../../../../arm-none-eabi/lib/thumb/v7e-m+dp/hard\libc_nano.a(libc_a-memcpy-stub.o)
 .ARM.attributes
                0x0000098b       0x32 C:/ST/STM32CubeIDE_2.1.1/STM32CubeIDE/plugins/com.st.stm32cube.ide.mcu.externaltools.gnu-tools-for-stm32.14.3.rel1.win32_1.0.100.202602081740/tools/bin/../lib/gcc/arm-none-eabi/14.3.1/../../../../arm-none-eabi/lib/thumb/v7e-m+dp/hard\libc_nano.a(libc_a-reallocr.o)
 .ARM.attributes
                0x000009bd       0x32 C:/ST/STM32CubeIDE_2.1.1/STM32CubeIDE/plugins/com.st.stm32cube.ide.mcu.externaltools.gnu-tools-for-stm32.14.3.rel1.win32_1.0.100.202602081740/tools/bin/../lib/gcc/arm-none-eabi/14.3.1/../../../../arm-none-eabi/lib/thumb/v7e-m+dp/hard\libc_nano.a(libc_a-msizer.o)
 .ARM.attributes
                0x000009ef       0x20 C:/ST/STM32CubeIDE_2.1.1/STM32CubeIDE/plugins/com.st.stm32cube.ide.mcu.externaltools.gnu-tools-for-stm32.14.3.rel1.win32_1.0.100.202602081740/tools/bin/../lib/gcc/arm-none-eabi/14.3.1/thumb/v7e-m+dp/hard/crtn.o

.sdram          0x00000000   0x1fa400
                0x00000000                        . = ALIGN (0x20)
 *(.sdram)
 .sdram         0x00000000   0x1fa400 ./Core/Src/ov5640.o
                0x00000000                g_camera_frame
 *(.sdram*)
                0x001fa400                        . = ALIGN (0x4)
OUTPUT(Test12.elf elf32-littlearm)
LOAD linker stubs
LOAD C:/ST/STM32CubeIDE_2.1.1/STM32CubeIDE/plugins/com.st.stm32cube.ide.mcu.externaltools.gnu-tools-for-stm32.14.3.rel1.win32_1.0.100.202602081740/tools/bin/../lib/gcc/arm-none-eabi/14.3.1/../../../../arm-none-eabi/lib/thumb/v7e-m+dp/hard\libc.a
LOAD C:/ST/STM32CubeIDE_2.1.1/STM32CubeIDE/plugins/com.st.stm32cube.ide.mcu.externaltools.gnu-tools-for-stm32.14.3.rel1.win32_1.0.100.202602081740/tools/bin/../lib/gcc/arm-none-eabi/14.3.1/../../../../arm-none-eabi/lib/thumb/v7e-m+dp/hard\libm.a
LOAD C:/ST/STM32CubeIDE_2.1.1/STM32CubeIDE/plugins/com.st.stm32cube.ide.mcu.externaltools.gnu-tools-for-stm32.14.3.rel1.win32_1.0.100.202602081740/tools/bin/../lib/gcc/arm-none-eabi/14.3.1/thumb/v7e-m+dp/hard\libgcc.a

.debug_info     0x00000000    0x1c30f
 .debug_info    0x00000000     0x116e ./Core/Src/dcmi.o
 .debug_info    0x0000116e      0x823 ./Core/Src/dma.o
 .debug_info    0x00001991      0x684 ./Core/Src/gpio.o
 .debug_info    0x00002015      0xff7 ./Core/Src/i2c.o
 .debug_info    0x0000300c     0x1379 ./Core/Src/main.o
 .debug_info    0x00004385      0xe3c ./Core/Src/ov5640.o
 .debug_info    0x000051c1      0x167 ./Core/Src/ov5640_regs.o
 .debug_info    0x00005328      0xd80 ./Core/Src/rtc.o
 .debug_info    0x000060a8     0x11b1 ./Core/Src/sdmmc.o
 .debug_info    0x00007259     0x146d ./Core/Src/spi.o
 .debug_info    0x000086c6      0xcc8 ./Core/Src/st7735.o
 .debug_info    0x0000938e      0x823 ./Core/Src/stm32h7xx_hal_msp.o
 .debug_info    0x00009bb1      0xf57 ./Core/Src/stm32h7xx_it.o
 .debug_info    0x0000ab08      0x168 ./Core/Src/sysmem.o
 .debug_info    0x0000ac70      0xdc1 ./Core/Src/system_stm32h7xx.o
 .debug_info    0x0000ba31       0x30 ./Core/Startup/startup_stm32h743vitx.o
 .debug_info    0x0000ba61     0x1568 ./Drivers/STM32H7xx_HAL_Driver/Src/stm32h7xx_hal.o
 .debug_info    0x0000cfc9     0x10f3 ./Drivers/STM32H7xx_HAL_Driver/Src/stm32h7xx_hal_cortex.o
 .debug_info    0x0000e0bc      0xda2 ./Drivers/STM32H7xx_HAL_Driver/Src/stm32h7xx_hal_dcmi.o
 .debug_info    0x0000ee5e      0xc4e ./Drivers/STM32H7xx_HAL_Driver/Src/stm32h7xx_hal_dma.o
 .debug_info    0x0000faac      0x868 ./Drivers/STM32H7xx_HAL_Driver/Src/stm32h7xx_hal_dma_ex.o
 .debug_info    0x00010314      0xc8b ./Drivers/STM32H7xx_HAL_Driver/Src/stm32h7xx_hal_gpio.o
 .debug_info    0x00010f9f     0x22d2 ./Drivers/STM32H7xx_HAL_Driver/Src/stm32h7xx_hal_i2c.o
 .debug_info    0x00013271      0xd9c ./Drivers/STM32H7xx_HAL_Driver/Src/stm32h7xx_hal_i2c_ex.o
 .debug_info    0x0001400d     0x1042 ./Drivers/STM32H7xx_HAL_Driver/Src/stm32h7xx_hal_pwr_ex.o
 .debug_info    0x0001504f      0xe91 ./Drivers/STM32H7xx_HAL_Driver/Src/stm32h7xx_hal_rcc.o
 .debug_info    0x00015ee0     0x123e ./Drivers/STM32H7xx_HAL_Driver/Src/stm32h7xx_hal_rcc_ex.o
 .debug_info    0x0001711e      0xe74 ./Drivers/STM32H7xx_HAL_Driver/Src/stm32h7xx_hal_rtc.o
 .debug_info    0x00017f92     0x1aab ./Drivers/STM32H7xx_HAL_Driver/Src/stm32h7xx_hal_sd.o
 .debug_info    0x00019a3d     0x1469 ./Drivers/STM32H7xx_HAL_Driver/Src/stm32h7xx_hal_spi.o
 .debug_info    0x0001aea6     0x1469 ./Drivers/STM32H7xx_HAL_Driver/Src/stm32h7xx_ll_sdmmc.o

.debug_abbrev   0x00000000     0x4018
 .debug_abbrev  0x00000000      0x243 ./Core/Src/dcmi.o
 .debug_abbrev  0x00000243      0x11e ./Core/Src/dma.o
 .debug_abbrev  0x00000361      0x189 ./Core/Src/gpio.o
 .debug_abbrev  0x000004ea      0x24c ./Core/Src/i2c.o
 .debug_abbrev  0x00000736      0x35d ./Core/Src/main.o
 .debug_abbrev  0x00000a93      0x281 ./Core/Src/ov5640.o
 .debug_abbrev  0x00000d14       0xaf ./Core/Src/ov5640_regs.o
 .debug_abbrev  0x00000dc3      0x1c8 ./Core/Src/rtc.o
 .debug_abbrev  0x00000f8b      0x20e ./Core/Src/sdmmc.o
 .debug_abbrev  0x00001199      0x230 ./Core/Src/spi.o
 .debug_abbrev  0x000013c9      0x275 ./Core/Src/st7735.o
 .debug_abbrev  0x0000163e      0x11e ./Core/Src/stm32h7xx_hal_msp.o
 .debug_abbrev  0x0000175c      0x1ce ./Core/Src/stm32h7xx_it.o
 .debug_abbrev  0x0000192a       0xbc ./Core/Src/sysmem.o
 .debug_abbrev  0x000019e6      0x165 ./Core/Src/system_stm32h7xx.o
 .debug_abbrev  0x00001b4b       0x24 ./Core/Startup/startup_stm32h743vitx.o
 .debug_abbrev  0x00001b6f      0x278 ./Drivers/STM32H7xx_HAL_Driver/Src/stm32h7xx_hal.o
 .debug_abbrev  0x00001de7      0x355 ./Drivers/STM32H7xx_HAL_Driver/Src/stm32h7xx_hal_cortex.o
 .debug_abbrev  0x0000213c      0x25f ./Drivers/STM32H7xx_HAL_Driver/Src/stm32h7xx_hal_dcmi.o
 .debug_abbrev  0x0000239b      0x25d ./Drivers/STM32H7xx_HAL_Driver/Src/stm32h7xx_hal_dma.o
 .debug_abbrev  0x000025f8      0x1fe ./Drivers/STM32H7xx_HAL_Driver/Src/stm32h7xx_hal_dma_ex.o
 .debug_abbrev  0x000027f6      0x222 ./Drivers/STM32H7xx_HAL_Driver/Src/stm32h7xx_hal_gpio.o
 .debug_abbrev  0x00002a18      0x272 ./Drivers/STM32H7xx_HAL_Driver/Src/stm32h7xx_hal_i2c.o
 .debug_abbrev  0x00002c8a      0x20a ./Drivers/STM32H7xx_HAL_Driver/Src/stm32h7xx_hal_i2c_ex.o
 .debug_abbrev  0x00002e94      0x2c3 ./Drivers/STM32H7xx_HAL_Driver/Src/stm32h7xx_hal_pwr_ex.o
 .debug_abbrev  0x00003157      0x2dd ./Drivers/STM32H7xx_HAL_Driver/Src/stm32h7xx_hal_rcc.o
 .debug_abbrev  0x00003434      0x285 ./Drivers/STM32H7xx_HAL_Driver/Src/stm32h7xx_hal_rcc_ex.o
 .debug_abbrev  0x000036b9      0x204 ./Drivers/STM32H7xx_HAL_Driver/Src/stm32h7xx_hal_rtc.o
 .debug_abbrev  0x000038bd      0x26b ./Drivers/STM32H7xx_HAL_Driver/Src/stm32h7xx_hal_sd.o
 .debug_abbrev  0x00003b28      0x2cf ./Drivers/STM32H7xx_HAL_Driver/Src/stm32h7xx_hal_spi.o
 .debug_abbrev  0x00003df7      0x221 ./Drivers/STM32H7xx_HAL_Driver/Src/stm32h7xx_ll_sdmmc.o

.debug_aranges  0x00000000     0x1408
 .debug_aranges
                0x00000000       0x30 ./Core/Src/dcmi.o
 .debug_aranges
                0x00000030       0x20 ./Core/Src/dma.o
 .debug_aranges
                0x00000050       0x20 ./Core/Src/gpio.o
 .debug_aranges
                0x00000070       0x30 ./Core/Src/i2c.o
 .debug_aranges
                0x000000a0       0x70 ./Core/Src/main.o
 .debug_aranges
                0x00000110       0x70 ./Core/Src/ov5640.o
 .debug_aranges
                0x00000180       0x18 ./Core/Src/ov5640_regs.o
 .debug_aranges
                0x00000198       0x30 ./Core/Src/rtc.o
 .debug_aranges
                0x000001c8       0x30 ./Core/Src/sdmmc.o
 .debug_aranges
                0x000001f8       0x30 ./Core/Src/spi.o
 .debug_aranges
                0x00000228       0x68 ./Core/Src/st7735.o
 .debug_aranges
                0x00000290       0x20 ./Core/Src/stm32h7xx_hal_msp.o
 .debug_aranges
                0x000002b0       0x88 ./Core/Src/stm32h7xx_it.o
 .debug_aranges
                0x00000338       0x20 ./Core/Src/sysmem.o
 .debug_aranges
                0x00000358       0x30 ./Core/Src/system_stm32h7xx.o
 .debug_aranges
                0x00000388       0x28 ./Core/Startup/startup_stm32h743vitx.o
 .debug_aranges
                0x000003b0      0x198 ./Drivers/STM32H7xx_HAL_Driver/Src/stm32h7xx_hal.o
 .debug_aranges
                0x00000548      0x130 ./Drivers/STM32H7xx_HAL_Driver/Src/stm32h7xx_hal_cortex.o
 .debug_aranges
                0x00000678       0xd0 ./Drivers/STM32H7xx_HAL_Driver/Src/stm32h7xx_hal_dcmi.o
 .debug_aranges
                0x00000748       0xa0 ./Drivers/STM32H7xx_HAL_Driver/Src/stm32h7xx_hal_dma.o
 .debug_aranges
                0x000007e8       0x60 ./Drivers/STM32H7xx_HAL_Driver/Src/stm32h7xx_hal_dma_ex.o
 .debug_aranges
                0x00000848       0x58 ./Drivers/STM32H7xx_HAL_Driver/Src/stm32h7xx_hal_gpio.o
 .debug_aranges
                0x000008a0      0x2a0 ./Drivers/STM32H7xx_HAL_Driver/Src/stm32h7xx_hal_i2c.o
 .debug_aranges
                0x00000b40       0x48 ./Drivers/STM32H7xx_HAL_Driver/Src/stm32h7xx_hal_i2c_ex.o
 .debug_aranges
                0x00000b88      0x158 ./Drivers/STM32H7xx_HAL_Driver/Src/stm32h7xx_hal_pwr_ex.o
 .debug_aranges
                0x00000ce0       0x88 ./Drivers/STM32H7xx_HAL_Driver/Src/stm32h7xx_hal_rcc.o
 .debug_aranges
                0x00000d68       0xf8 ./Drivers/STM32H7xx_HAL_Driver/Src/stm32h7xx_hal_rcc_ex.o
 .debug_aranges
                0x00000e60       0xc0 ./Drivers/STM32H7xx_HAL_Driver/Src/stm32h7xx_hal_rtc.o
 .debug_aranges
                0x00000f20      0x170 ./Drivers/STM32H7xx_HAL_Driver/Src/stm32h7xx_hal_sd.o
 .debug_aranges
                0x00001090      0x1a8 ./Drivers/STM32H7xx_HAL_Driver/Src/stm32h7xx_hal_spi.o
 .debug_aranges
                0x00001238      0x1d0 ./Drivers/STM32H7xx_HAL_Driver/Src/stm32h7xx_ll_sdmmc.o

.debug_rnglists
                0x00000000      0xf36
 .debug_rnglists
                0x00000000       0x21 ./Core/Src/dcmi.o
 .debug_rnglists
                0x00000021       0x13 ./Core/Src/dma.o
 .debug_rnglists
                0x00000034       0x14 ./Core/Src/gpio.o
 .debug_rnglists
                0x00000048       0x21 ./Core/Src/i2c.o
 .debug_rnglists
                0x00000069       0x52 ./Core/Src/main.o
 .debug_rnglists
                0x000000bb       0x50 ./Core/Src/ov5640.o
 .debug_rnglists
                0x0000010b       0x20 ./Core/Src/rtc.o
 .debug_rnglists
                0x0000012b       0x20 ./Core/Src/sdmmc.o
 .debug_rnglists
                0x0000014b       0x21 ./Core/Src/spi.o
 .debug_rnglists
                0x0000016c       0x4e ./Core/Src/st7735.o
 .debug_rnglists
                0x000001ba       0x13 ./Core/Src/stm32h7xx_hal_msp.o
 .debug_rnglists
                0x000001cd       0x61 ./Core/Src/stm32h7xx_it.o
 .debug_rnglists
                0x0000022e       0x13 ./Core/Src/sysmem.o
 .debug_rnglists
                0x00000241       0x21 ./Core/Src/system_stm32h7xx.o
 .debug_rnglists
                0x00000262       0x19 ./Core/Startup/startup_stm32h743vitx.o
 .debug_rnglists
                0x0000027b      0x133 ./Drivers/STM32H7xx_HAL_Driver/Src/stm32h7xx_hal.o
 .debug_rnglists
                0x000003ae       0xe2 ./Drivers/STM32H7xx_HAL_Driver/Src/stm32h7xx_hal_cortex.o
 .debug_rnglists
                0x00000490       0xa0 ./Drivers/STM32H7xx_HAL_Driver/Src/stm32h7xx_hal_dcmi.o
 .debug_rnglists
                0x00000530       0x82 ./Drivers/STM32H7xx_HAL_Driver/Src/stm32h7xx_hal_dma.o
 .debug_rnglists
                0x000005b2       0x4c ./Drivers/STM32H7xx_HAL_Driver/Src/stm32h7xx_hal_dma_ex.o
 .debug_rnglists
                0x000005fe       0x40 ./Drivers/STM32H7xx_HAL_Driver/Src/stm32h7xx_hal_gpio.o
 .debug_rnglists
                0x0000063e      0x22c ./Drivers/STM32H7xx_HAL_Driver/Src/stm32h7xx_hal_i2c.o
 .debug_rnglists
                0x0000086a       0x37 ./Drivers/STM32H7xx_HAL_Driver/Src/stm32h7xx_hal_i2c_ex.o
 .debug_rnglists
                0x000008a1      0x105 ./Drivers/STM32H7xx_HAL_Driver/Src/stm32h7xx_hal_pwr_ex.o
 .debug_rnglists
                0x000009a6       0x68 ./Drivers/STM32H7xx_HAL_Driver/Src/stm32h7xx_hal_rcc.o
 .debug_rnglists
                0x00000a0e       0xc0 ./Drivers/STM32H7xx_HAL_Driver/Src/stm32h7xx_hal_rcc_ex.o
 .debug_rnglists
                0x00000ace       0x96 ./Drivers/STM32H7xx_HAL_Driver/Src/stm32h7xx_hal_rtc.o
 .debug_rnglists
                0x00000b64      0x128 ./Drivers/STM32H7xx_HAL_Driver/Src/stm32h7xx_hal_sd.o
 .debug_rnglists
                0x00000c8c      0x149 ./Drivers/STM32H7xx_HAL_Driver/Src/stm32h7xx_hal_spi.o
 .debug_rnglists
                0x00000dd5      0x161 ./Drivers/STM32H7xx_HAL_Driver/Src/stm32h7xx_ll_sdmmc.o

.debug_macro    0x00000000    0x3afdd
 .debug_macro   0x00000000      0x30e ./Core/Src/dcmi.o
 .debug_macro   0x0000030e      0xaf6 ./Core/Src/dcmi.o
 .debug_macro   0x00000e04      0x24b ./Core/Src/dcmi.o
 .debug_macro   0x0000104f       0x2e ./Core/Src/dcmi.o
 .debug_macro   0x0000107d       0x3b ./Core/Src/dcmi.o
 .debug_macro   0x000010b8       0x22 ./Core/Src/dcmi.o
 .debug_macro   0x000010da       0x8e ./Core/Src/dcmi.o
 .debug_macro   0x00001168       0x51 ./Core/Src/dcmi.o
 .debug_macro   0x000011b9      0x103 ./Core/Src/dcmi.o
 .debug_macro   0x000012bc       0x6a ./Core/Src/dcmi.o
 .debug_macro   0x00001326      0x1df ./Core/Src/dcmi.o
 .debug_macro   0x00001505       0x1c ./Core/Src/dcmi.o
 .debug_macro   0x00001521       0x22 ./Core/Src/dcmi.o
 .debug_macro   0x00001543       0xfb ./Core/Src/dcmi.o
 .debug_macro   0x0000163e     0x1313 ./Core/Src/dcmi.o
 .debug_macro   0x00002951      0x11f ./Core/Src/dcmi.o
 .debug_macro   0x00002a70       0x22 ./Core/Src/dcmi.o
 .debug_macro   0x00002a92    0x25bb3 ./Core/Src/dcmi.o
 .debug_macro   0x00028645       0x6d ./Core/Src/dcmi.o
 .debug_macro   0x000286b2     0x3d79 ./Core/Src/dcmi.o
 .debug_macro   0x0002c42b      0x190 ./Core/Src/dcmi.o
 .debug_macro   0x0002c5bb       0x61 ./Core/Src/dcmi.o
 .debug_macro   0x0002c61c       0x29 ./Core/Src/dcmi.o
 .debug_macro   0x0002c645       0x43 ./Core/Src/dcmi.o
 .debug_macro   0x0002c688       0x34 ./Core/Src/dcmi.o
 .debug_macro   0x0002c6bc      0x364 ./Core/Src/dcmi.o
 .debug_macro   0x0002ca20       0x16 ./Core/Src/dcmi.o
 .debug_macro   0x0002ca36       0x4a ./Core/Src/dcmi.o
 .debug_macro   0x0002ca80       0x34 ./Core/Src/dcmi.o
 .debug_macro   0x0002cab4       0x10 ./Core/Src/dcmi.o
 .debug_macro   0x0002cac4       0x58 ./Core/Src/dcmi.o
 .debug_macro   0x0002cb1c       0x8e ./Core/Src/dcmi.o
 .debug_macro   0x0002cbaa       0x1c ./Core/Src/dcmi.o
 .debug_macro   0x0002cbc6      0x17e ./Core/Src/dcmi.o
 .debug_macro   0x0002cd44      0x19b ./Core/Src/dcmi.o
 .debug_macro   0x0002cedf       0x5d ./Core/Src/dcmi.o
 .debug_macro   0x0002cf3c     0x2382 ./Core/Src/dcmi.o
 .debug_macro   0x0002f2be     0x102c ./Core/Src/dcmi.o
 .debug_macro   0x000302ea      0x154 ./Core/Src/dcmi.o
 .debug_macro   0x0003043e      0x114 ./Core/Src/dcmi.o
 .debug_macro   0x00030552      0x3b6 ./Core/Src/dcmi.o
 .debug_macro   0x00030908       0xac ./Core/Src/dcmi.o
 .debug_macro   0x000309b4      0x72d ./Core/Src/dcmi.o
 .debug_macro   0x000310e1      0x228 ./Core/Src/dcmi.o
 .debug_macro   0x00031309       0x66 ./Core/Src/dcmi.o
 .debug_macro   0x0003136f      0x3bb ./Core/Src/dcmi.o
 .debug_macro   0x0003172a      0x233 ./Core/Src/dcmi.o
 .debug_macro   0x0003195d      0x3e4 ./Core/Src/dcmi.o
 .debug_macro   0x00031d41      0x275 ./Core/Src/dcmi.o
 .debug_macro   0x00031fb6      0x3ca ./Core/Src/dcmi.o
 .debug_macro   0x00032380      0x408 ./Core/Src/dcmi.o
 .debug_macro   0x00032788       0x51 ./Core/Src/dcmi.o
 .debug_macro   0x000327d9       0x4a ./Core/Src/dcmi.o
 .debug_macro   0x00032823      0x22c ./Core/Src/dcmi.o
 .debug_macro   0x00032a4f       0x67 ./Core/Src/dcmi.o
 .debug_macro   0x00032ab6       0xa5 ./Core/Src/dcmi.o
 .debug_macro   0x00032b5b      0x1c4 ./Core/Src/dcmi.o
 .debug_macro   0x00032d1f      0x25e ./Core/Src/dcmi.o
 .debug_macro   0x00032f7d       0x35 ./Core/Src/dcmi.o
 .debug_macro   0x00032fb2      0x328 ./Core/Src/dcmi.o
 .debug_macro   0x000332da      0x65b ./Core/Src/dcmi.o
 .debug_macro   0x00033935       0xeb ./Core/Src/dcmi.o
 .debug_macro   0x00033a20      0xa0c ./Core/Src/dcmi.o
 .debug_macro   0x0003442c       0x16 ./Core/Src/dcmi.o