../Drivers/STM32H7xx_HAL_Driver/Src/stm32h7xx_hal_sd.c:338:19:HAL_SD_Init	48	static
../Drivers/STM32H7xx_HAL_Driver/Src/stm32h7xx_hal_sd.c:469:19:HAL_SD_InitCard	64	static
../Drivers/STM32H7xx_HAL_Driver/Src/stm32h7xx_hal_sd.c:566:19:HAL_SD_DeInit	16	static
../Drivers/STM32H7xx_HAL_Driver/Src/stm32h7xx_hal_sd.c:622:13:HAL_SD_MspInit	16	static
../Drivers/STM32H7xx_HAL_Driver/Src/stm32h7xx_hal_sd.c:637:13:HAL_SD_MspDeInit	16	static
../Drivers/STM32H7xx_HAL_Driver/Src/stm32h7xx_hal_sd.c:678:19:HAL_SD_ReadBlocks	80	static
../Drivers/STM32H7xx_HAL_Driver/Src/stm32h7xx_hal_sd.c:863:19:HAL_SD_WriteBlocks	80	static
../Drivers/STM32H7xx_HAL_Driver/Src/stm32h7xx_hal_sd.c:1050:19:HAL_SD_ReadBlocks_IT	56	static
../Drivers/STM32H7xx_HAL_Driver/Src/stm32h7xx_hal_sd.c:1145:19:HAL_SD_WriteBlocks_IT	56	static
../Drivers/STM32H7xx_HAL_Driver/Src/stm32h7xx_hal_sd.c:1242:19:HAL_SD_ReadBlocks_DMA	56	static
../Drivers/STM32H7xx_HAL_Driver/Src/stm32h7xx_hal_sd.c:1340:19:HAL_SD_WriteBlocks_DMA	56	static
../Drivers/STM32H7xx_HAL_Driver/Src/stm32h7xx_hal_sd.c:1435:19:HAL_SD_Erase	40	static
../Drivers/STM32H7xx_HAL_Driver/Src/stm32h7xx_hal_sd.c:1537:6:HAL_SD_IRQHandler	24	static
../Drivers/STM32H7xx_HAL_Driver/Src/stm32h7xx_hal_sd.c:1772:21:HAL_SD_GetState	16	static
../Drivers/STM32H7xx_HAL_Driver/Src/stm32h7xx_hal_sd.c:1783:10:HAL_SD_GetError	16	static
../Drivers/STM32H7xx_HAL_Driver/Src/stm32h7xx_hal_sd.c:1793:13:HAL_SD_TxCpltCallback	16	static
../Drivers/STM32H7xx_HAL_Driver/Src/stm32h7xx_hal_sd.c:1808:13:HAL_SD_RxCpltCallback	16	static
../Drivers/STM32H7xx_HAL_Driver/Src/stm32h7xx_hal_sd.c:1823:13:HAL_SD_ErrorCallback	16	static
../Drivers/STM32H7xx_HAL_Driver/Src/stm32h7xx_hal_sd.c:1838:13:HAL_SD_AbortCallback	16	static
../Drivers/STM32H7xx_HAL_Driver/Src/stm32h7xx_hal_sd.c:2164:19:HAL_SD_GetCardCID	16	static
../Drivers/STM32H7xx_HAL_Driver/Src/stm32h7xx_hal_sd.c:2197:19:HAL_SD_GetCardCSD	16	static
../Drivers/STM32H7xx_HAL_Driver/Src/stm32h7xx_hal_sd.c:2311:19:HAL_SD_GetCardStatus	88	static
../Drivers/STM32H7xx_HAL_Driver/Src/stm32h7xx_hal_sd.c:2380:19:HAL_SD_GetCardInfo	16	static
../Drivers/STM32H7xx_HAL_Driver/Src/stm32h7xx_hal_sd.c:2405:19:HAL_SD_ConfigWideBusOperation	64	static
../Drivers/STM32H7xx_HAL_Driver/Src/stm32h7xx_hal_sd.c:2570:19:HAL_SD_ConfigSpeedBusOperation	32	static
../Drivers/STM32H7xx_HAL_Driver/Src/stm32h7xx_hal_sd.c:2868:25:HAL_SD_GetCardState	32	static
../Drivers/STM32H7xx_HAL_Driver/Src/stm32h7xx_hal_sd.c:2891:19:HAL_SD_Abort	24	static
../Drivers/STM32H7xx_HAL_Driver/Src/stm32h7xx_hal_sd.c:2987:19:HAL_SD_Abort_IT	24	static
../Drivers/STM32H7xx_HAL_Driver/Src/stm32h7xx_hal_sd.c:3043:17:SD_InitCard	72	static
../Drivers/STM32H7xx_HAL_Driver/Src/stm32h7xx_hal_sd.c:3140:17:SD_PowerON	32	static
../Drivers/STM32H7xx_HAL_Driver/Src/stm32h7xx_hal_sd.c:3309:13:SD_PowerOFF	16	static
../Drivers/STM32H7xx_HAL_Driver/Src/stm32h7xx_hal_sd.c:3322:17:SD_SendSDStatus	56	static
../Drivers/STM32H7xx_HAL_Driver/Src/stm32h7xx_hal_sd.c:3428:17:SD_SendStatus	24	static
../Drivers/STM32H7xx_HAL_Driver/Src/stm32h7xx_hal_sd.c:3455:17:SD_WideBus_Enable	32	static
../Drivers/STM32H7xx_HAL_Driver/Src/stm32h7xx_hal_sd.c:3502:17:SD_WideBus_Disable	32	static
../Drivers/STM32H7xx_HAL_Driver/Src/stm32h7xx_hal_sd.c:3550:17:SD_FindSCR	64	static
../Drivers/STM32H7xx_HAL_Driver/Src/stm32h7xx_hal_sd.c:3645:13:SD_Read_IT	32	static
../Drivers/STM32H7xx_HAL_Driver/Src/stm32h7xx_hal_sd.c:3680:13:SD_Write_IT	32	static
../Drivers/STM32H7xx_HAL_Driver/Src/stm32h7xx_hal_sd.c:3718:10:SD_SwitchSpeed	128	static
../Drivers/STM32H7xx_HAL_Driver/Src/stm32h7xx_hal_sd.c:4089:13:HAL_SDEx_Read_DMADoubleBuf0CpltCallback	16	static
../Drivers/STM32H7xx_HAL_Driver/Src/stm32h7xx_hal_sd.c:4104:13:HAL_SDEx_Read_DMADoubleBuf1CpltCallback	16	static
../Drivers/STM32H7xx_HAL_Driver/Src/stm32h7xx_hal_sd.c:4119:13:HAL_SDEx_Write_DMADoubleBuf0CpltCallback	16	static
../Drivers/STM32H7xx_HAL_Driver/Src/stm32h7xx_hal_sd.c:4134:13:HAL_SDEx_Write_DMADoubleBuf1CpltCallback	16	static
