../Drivers/STM32H7xx_HAL_Driver/Src/stm32h7xx_hal_rtc_ex.c:164:19:HAL_RTCEx_SetTimeStamp	32	static
../Drivers/STM32H7xx_HAL_Driver/Src/stm32h7xx_hal_rtc_ex.c:223:19:HAL_RTCEx_SetTimeStamp_IT	32	static
../Drivers/STM32H7xx_HAL_Driver/Src/stm32h7xx_hal_rtc_ex.c:287:19:HAL_RTCEx_DeactivateTimeStamp	24	static
../Drivers/STM32H7xx_HAL_Driver/Src/stm32h7xx_hal_rtc_ex.c:325:19:HAL_RTCEx_SetInternalTimeStamp	16	static
../Drivers/STM32H7xx_HAL_Driver/Src/stm32h7xx_hal_rtc_ex.c:355:19:HAL_RTCEx_DeactivateInternalTimeStamp	16	static
../Drivers/STM32H7xx_HAL_Driver/Src/stm32h7xx_hal_rtc_ex.c:390:19:HAL_RTCEx_GetTimeStamp	32	static
../Drivers/STM32H7xx_HAL_Driver/Src/stm32h7xx_hal_rtc_ex.c:542:19:HAL_RTCEx_SetTamper	24	static
../Drivers/STM32H7xx_HAL_Driver/Src/stm32h7xx_hal_rtc_ex.c:757:19:HAL_RTCEx_SetTamper_IT	24	static
../Drivers/STM32H7xx_HAL_Driver/Src/stm32h7xx_hal_rtc_ex.c:951:19:HAL_RTCEx_DeactivateTamper	16	static
../Drivers/STM32H7xx_HAL_Driver/Src/stm32h7xx_hal_rtc_ex.c:1429:6:HAL_RTCEx_TamperTimeStampIRQHandler	16	static
../Drivers/STM32H7xx_HAL_Driver/Src/stm32h7xx_hal_rtc_ex.c:1541:13:HAL_RTCEx_TimeStampEventCallback	16	static
../Drivers/STM32H7xx_HAL_Driver/Src/stm32h7xx_hal_rtc_ex.c:1566:13:HAL_RTCEx_Tamper1EventCallback	16	static
../Drivers/STM32H7xx_HAL_Driver/Src/stm32h7xx_hal_rtc_ex.c:1582:13:HAL_RTCEx_Tamper2EventCallback	16	static
../Drivers/STM32H7xx_HAL_Driver/Src/stm32h7xx_hal_rtc_ex.c:1598:13:HAL_RTCEx_Tamper3EventCallback	16	static
../Drivers/STM32H7xx_HAL_Driver/Src/stm32h7xx_hal_rtc_ex.c:1731:19:HAL_RTCEx_PollForTimeStampEvent	24	static
../Drivers/STM32H7xx_HAL_Driver/Src/stm32h7xx_hal_rtc_ex.c:1780:19:HAL_RTCEx_PollForTamper1Event	24	static
../Drivers/STM32H7xx_HAL_Driver/Src/stm32h7xx_hal_rtc_ex.c:1813:19:HAL_RTCEx_PollForTamper2Event	24	static
../Drivers/STM32H7xx_HAL_Driver/Src/stm32h7xx_hal_rtc_ex.c:1846:19:HAL_RTCEx_PollForTamper3Event	24	static
../Drivers/STM32H7xx_HAL_Driver/Src/stm32h7xx_hal_rtc_ex.c:1932:19:HAL_RTCEx_SetWakeUpTimer	32	static
../Drivers/STM32H7xx_HAL_Driver/Src/stm32h7xx_hal_rtc_ex.c:2013:19:HAL_RTCEx_SetWakeUpTimer_IT	32	static
../Drivers/STM32H7xx_HAL_Driver/Src/stm32h7xx_hal_rtc_ex.c:2113:19:HAL_RTCEx_DeactivateWakeUpTimer	24	static
../Drivers/STM32H7xx_HAL_Driver/Src/stm32h7xx_hal_rtc_ex.c:2169:10:HAL_RTCEx_GetWakeUpTimer	16	static
../Drivers/STM32H7xx_HAL_Driver/Src/stm32h7xx_hal_rtc_ex.c:2180:6:HAL_RTCEx_WakeUpTimerIRQHandler	16	static
../Drivers/STM32H7xx_HAL_Driver/Src/stm32h7xx_hal_rtc_ex.c:2237:13:HAL_RTCEx_WakeUpTimerEventCallback	16	static
../Drivers/STM32H7xx_HAL_Driver/Src/stm32h7xx_hal_rtc_ex.c:2254:19:HAL_RTCEx_PollForWakeUpTimerEvent	24	static
../Drivers/STM32H7xx_HAL_Driver/Src/stm32h7xx_hal_rtc_ex.c:2313:6:HAL_RTCEx_BKUPWrite	32	static
../Drivers/STM32H7xx_HAL_Driver/Src/stm32h7xx_hal_rtc_ex.c:2342:10:HAL_RTCEx_BKUPRead	24	static
../Drivers/STM32H7xx_HAL_Driver/Src/stm32h7xx_hal_rtc_ex.c:2413:19:HAL_RTCEx_SetSmoothCalib	32	static
../Drivers/STM32H7xx_HAL_Driver/Src/stm32h7xx_hal_rtc_ex.c:2491:19:HAL_RTCEx_SetSynchroShift	32	static
../Drivers/STM32H7xx_HAL_Driver/Src/stm32h7xx_hal_rtc_ex.c:2588:19:HAL_RTCEx_SetCalibrationOutPut	16	static
../Drivers/STM32H7xx_HAL_Driver/Src/stm32h7xx_hal_rtc_ex.c:2626:19:HAL_RTCEx_DeactivateCalibrationOutPut	16	static
../Drivers/STM32H7xx_HAL_Driver/Src/stm32h7xx_hal_rtc_ex.c:2655:19:HAL_RTCEx_SetRefClock	24	static
../Drivers/STM32H7xx_HAL_Driver/Src/stm32h7xx_hal_rtc_ex.c:2694:19:HAL_RTCEx_DeactivateRefClock	24	static
../Drivers/STM32H7xx_HAL_Driver/Src/stm32h7xx_hal_rtc_ex.c:2738:19:HAL_RTCEx_EnableBypassShadow	16	static
../Drivers/STM32H7xx_HAL_Driver/Src/stm32h7xx_hal_rtc_ex.c:2770:19:HAL_RTCEx_DisableBypassShadow	16	static
../Drivers/STM32H7xx_HAL_Driver/Src/stm32h7xx_hal_rtc_ex.c:2860:13:HAL_RTCEx_AlarmBEventCallback	16	static
../Drivers/STM32H7xx_HAL_Driver/Src/stm32h7xx_hal_rtc_ex.c:2876:19:HAL_RTCEx_PollForAlarmBEvent	24	static
