../Core/Src/main.c:74:6:Start_Camera_Capture	8	static
../Core/Src/main.c:86:6:HAL_DCMI_FrameEventCallback	16	static
../Core/Src/main.c:103:6:HAL_DCMI_ErrorCallback	16	static
../Core/Src/main.c:114:6:ST7735_OrientationTest	24	static
../Core/Src/main.c:137:5:main	16	static
../Core/Src/main.c:209:6:SystemClock_Config	120	static
../Core/Src/main.c:270:6:PeriphCommonClock_Config	200	static
../Core/Src/main.c:293:6:Error_Handler	4	static,ignoring_inline_asm
../Core/Src/main.c:311:6:assert_failed	16	static
