../Core/Src/main.c:76:6:Start_Camera_Capture	8	static
../Core/Src/main.c:88:6:HAL_DCMI_FrameEventCallback	56	static
../Core/Src/main.c:114:6:HAL_DCMI_ErrorCallback	16	static
../Core/Src/main.c:125:6:HAL_DCMI_LineEventCallback	16	static
../Core/Src/main.c:147:5:main	16	static
../Core/Src/main.c:260:6:SystemClock_Config	120	static
../Core/Src/main.c:321:6:PeriphCommonClock_Config	200	static
../Core/Src/main.c:344:6:Error_Handler	4	static,ignoring_inline_asm
../Core/Src/main.c:362:6:assert_failed	16	static
