../Core/Src/ov5640.c:30:9:OV5640_WriteReg	32	static
../Core/Src/ov5640.c:52:9:OV5640_ReadReg	32	static
../Core/Src/ov5640.c:72:10:OV5640_ReadID1	24	static
../Core/Src/ov5640.c:86:16:OV5640_WriteRegister	32	static
../Core/Src/ov5640.c:99:16:OV5640_ReadRegister	32	static
../Core/Src/ov5640.c:111:9:OV5640_ReadID	24	static
../Core/Src/ov5640.c:120:13:OV5640_HardReset	8	static
../Core/Src/ov5640.c:130:9:OV5640_Init	32	static
../Core/Src/ov5640.c:183:6:OV5640_StartCapture	8	static
../Core/Src/ov5640.c:200:6:OV5640_StopCapture	8	static
../Core/Src/ov5640.c:205:13:OV5640_Config_JPEG	4	static
